   1              		.syntax unified
   2              		.cpu cortex-m4
   3              		.eabi_attribute 27, 3
   4              		.eabi_attribute 28, 1
   5              		.fpu fpv4-sp-d16
   6              		.eabi_attribute 20, 1
   7              		.eabi_attribute 21, 1
   8              		.eabi_attribute 23, 3
   9              		.eabi_attribute 24, 1
  10              		.eabi_attribute 25, 1
  11              		.eabi_attribute 26, 1
  12              		.eabi_attribute 30, 6
  13              		.eabi_attribute 34, 1
  14              		.eabi_attribute 18, 4
  15              		.thumb
  16              		.file	"wdt_kinetis.c"
  17              		.text
  18              	.Ltext0:
  19              		.cfi_sections	.debug_frame
  20              		.section	.text.Watchdog_Reset,"ax",%progbits
  21              		.align	2
  22              		.global	Watchdog_Reset
  23              		.thumb
  24              		.thumb_func
  26              	Watchdog_Reset:
  27              	.LFB0:
  28              		.file 1 "../Generated_Code/wdt_kinetis.c"
   1:../Generated_Code/wdt_kinetis.c **** /******************************************************************************
   2:../Generated_Code/wdt_kinetis.c ****  *
   3:../Generated_Code/wdt_kinetis.c ****  * Freescale Semiconductor Inc.
   4:../Generated_Code/wdt_kinetis.c ****  * (c) Copyright 2004-2010 Freescale Semiconductor, Inc.
   5:../Generated_Code/wdt_kinetis.c ****  * ALL RIGHTS RESERVED.
   6:../Generated_Code/wdt_kinetis.c ****  *
   7:../Generated_Code/wdt_kinetis.c ****  ******************************************************************************
   8:../Generated_Code/wdt_kinetis.c ****  *
   9:../Generated_Code/wdt_kinetis.c ****  * THIS SOFTWARE IS PROVIDED BY FREESCALE "AS IS" AND ANY EXPRESSED OR 
  10:../Generated_Code/wdt_kinetis.c ****  * IMPLIED WARRANTIES, INCLUDING, BUT NOT LIMITED TO, THE IMPLIED WARRANTIES 
  11:../Generated_Code/wdt_kinetis.c ****  * OF MERCHANTABILITY AND FITNESS FOR A PARTICULAR PURPOSE ARE DISCLAIMED.  
  12:../Generated_Code/wdt_kinetis.c ****  * IN NO EVENT SHALL FREESCALE OR ITS CONTRIBUTORS BE LIABLE FOR ANY DIRECT, 
  13:../Generated_Code/wdt_kinetis.c ****  * INDIRECT, INCIDENTAL, SPECIAL, EXEMPLARY, OR CONSEQUENTIAL DAMAGES 
  14:../Generated_Code/wdt_kinetis.c ****  * (INCLUDING, BUT NOT LIMITED TO, PROCUREMENT OF SUBSTITUTE GOODS OR 
  15:../Generated_Code/wdt_kinetis.c ****  * SERVICES; LOSS OF USE, DATA, OR PROFITS; OR BUSINESS INTERRUPTION) 
  16:../Generated_Code/wdt_kinetis.c ****  * HOWEVER CAUSED AND ON ANY THEORY OF LIABILITY, WHETHER IN CONTRACT, 
  17:../Generated_Code/wdt_kinetis.c ****  * STRICT LIABILITY, OR TORT (INCLUDING NEGLIGENCE OR OTHERWISE) ARISING 
  18:../Generated_Code/wdt_kinetis.c ****  * IN ANY WAY OUT OF THE USE OF THIS SOFTWARE, EVEN IF ADVISED OF 
  19:../Generated_Code/wdt_kinetis.c ****  * THE POSSIBILITY OF SUCH DAMAGE.
  20:../Generated_Code/wdt_kinetis.c ****  *
  21:../Generated_Code/wdt_kinetis.c ****  **************************************************************************//*!
  22:../Generated_Code/wdt_kinetis.c ****  *
  23:../Generated_Code/wdt_kinetis.c ****  * @file wdt_kinetis.c
  24:../Generated_Code/wdt_kinetis.c ****  *
  25:../Generated_Code/wdt_kinetis.c ****  * @author
  26:../Generated_Code/wdt_kinetis.c ****  *
  27:../Generated_Code/wdt_kinetis.c ****  * @version
  28:../Generated_Code/wdt_kinetis.c ****  *
  29:../Generated_Code/wdt_kinetis.c ****  * @date
  30:../Generated_Code/wdt_kinetis.c ****  *
  31:../Generated_Code/wdt_kinetis.c ****  * @brief   This file contains the implementation of the Watchdog service routines on CFV2
  32:../Generated_Code/wdt_kinetis.c ****  *****************************************************************************/
  33:../Generated_Code/wdt_kinetis.c ****  
  34:../Generated_Code/wdt_kinetis.c **** #include "types.h"      	/* User Defined Data Types */
  35:../Generated_Code/wdt_kinetis.c **** #include "derivative.h" 	/* include peripheral declarations */
  36:../Generated_Code/wdt_kinetis.c **** #include "wdt_kinetis.h"       /* own header with public declarations */
  37:../Generated_Code/wdt_kinetis.c **** 
  38:../Generated_Code/wdt_kinetis.c **** /*****************************************************************************/
  39:../Generated_Code/wdt_kinetis.c **** void Watchdog_Reset(void)
  40:../Generated_Code/wdt_kinetis.c **** {	
  29              		.loc 1 40 0
  30              		.cfi_startproc
  31              		@ args = 0, pretend = 0, frame = 0
  32              		@ frame_needed = 1, uses_anonymous_args = 0
  33              		@ link register save eliminated.
  34 0000 80B4     		push	{r7}
  35              		.cfi_def_cfa_offset 4
  36              		.cfi_offset 7, -4
  37 0002 00AF     		add	r7, sp, #0
  38              		.cfi_def_cfa_register 7
  41:../Generated_Code/wdt_kinetis.c **** #if defined(MCU_MKL24Z4) || defined(MCU_MKL25Z4) || defined(MCU_MKL26Z4) || defined(MCU_MKL46Z4)
  42:../Generated_Code/wdt_kinetis.c **** 	(void)(RCM_SRS0 |= RCM_SRS0_WDOG_MASK);
  43:../Generated_Code/wdt_kinetis.c **** #else
  44:../Generated_Code/wdt_kinetis.c **** 	(void)(WDOG_REFRESH = 0xA602, WDOG_REFRESH = 0xB480);
  39              		.loc 1 44 0
  40 0004 054B     		ldr	r3, .L2
  41 0006 4AF20262 		movw	r2, #42498
  42 000a 9A81     		strh	r2, [r3, #12]	@ movhi
  43 000c 034B     		ldr	r3, .L2
  44 000e 4BF28042 		movw	r2, #46208
  45 0012 9A81     		strh	r2, [r3, #12]	@ movhi
  45:../Generated_Code/wdt_kinetis.c **** #endif
  46:../Generated_Code/wdt_kinetis.c **** }
  46              		.loc 1 46 0
  47 0014 BD46     		mov	sp, r7
  48              		@ sp needed
  49 0016 5DF8047B 		ldr	r7, [sp], #4
  50 001a 7047     		bx	lr
  51              	.L3:
  52              		.align	2
  53              	.L2:
  54 001c 00200540 		.word	1074077696
  55              		.cfi_endproc
  56              	.LFE0:
  58              		.text
  59              	.Letext0:
  60              		.file 2 "c:\\freescale\\kds_v3\\toolchain\\arm-none-eabi\\include\\machine\\_default_types.h"
  61              		.file 3 "c:\\freescale\\kds_v3\\toolchain\\arm-none-eabi\\include\\stdint.h"
  62              		.file 4 "C:/INTRO_HS18/IntroAronAlex/TEAM_Robot/Static_Code/IO_Map/MK22F12.h"
DEFINED SYMBOLS
                            *ABS*:00000000 wdt_kinetis.c
C:\Users\Aron\AppData\Local\Temp\ccduVUpO.s:21     .text.Watchdog_Reset:00000000 $t
C:\Users\Aron\AppData\Local\Temp\ccduVUpO.s:26     .text.Watchdog_Reset:00000000 Watchdog_Reset
C:\Users\Aron\AppData\Local\Temp\ccduVUpO.s:54     .text.Watchdog_Reset:0000001c $d
                     .debug_frame:00000010 $d
                           .group:00000000 wm4.0.22dcf9ce9babd46e5ea858ea4400d115
                           .group:00000000 wm4.stddef.h.39.daafd3d79fe2f3a84d2d73d7d4e706f8
                           .group:00000000 wm4.types.h.50.034d0729b1885c66fd44563eba5494e4
                           .group:00000000 wm4.features.h.22.6a4ca7cd053637cc1d0db6c16f39b2d7
                           .group:00000000 wm4._default_types.h.15.8b2cb27e528498f8ff711db085d6e489
                           .group:00000000 wm4.stdint.h.20.796e373797e732130a803d4c0338fa1b
                           .group:00000000 wm4.PE_Types.h.111.91c29732807f8842161a15451efcd747
                           .group:00000000 wm4.PE_Error.h.60.6ccf96637e85421388d147a5dcbc3621
                           .group:00000000 wm4.PE_Const.h.60.44eca2ca2a72148441f11b3e43b344a9
                           .group:00000000 wm4.MK22F12.h.59.83dcc0895f45d7d67f2182a38aa7f04f
                           .group:00000000 wm4.Cpu.h.80.27ab3269a1d751f899c04690559be7d6

NO UNDEFINED SYMBOLS
