   1              		.syntax unified
   2              		.cpu cortex-m4
   3              		.eabi_attribute 27, 3
   4              		.eabi_attribute 28, 1
   5              		.fpu fpv4-sp-d16
   6              		.eabi_attribute 20, 1
   7              		.eabi_attribute 21, 1
   8              		.eabi_attribute 23, 3
   9              		.eabi_attribute 24, 1
  10              		.eabi_attribute 25, 1
  11              		.eabi_attribute 26, 1
  12              		.eabi_attribute 30, 6
  13              		.eabi_attribute 34, 1
  14              		.eabi_attribute 18, 4
  15              		.thumb
  16              		.file	"Events.c"
  17              		.text
  18              	.Ltext0:
  19              		.cfi_sections	.debug_frame
  20              		.section	.rodata.TmDt1_DefaultTime,"a",%progbits
  21              		.align	2
  24              	TmDt1_DefaultTime:
  25 0000 11       		.byte	17
  26 0001 33       		.byte	51
  27 0002 1F       		.byte	31
  28 0003 00       		.byte	0
  29              		.section	.rodata.TmDt1_DefaultDate,"a",%progbits
  30              		.align	2
  33              	TmDt1_DefaultDate:
  34 0000 DC07     		.short	2012
  35 0002 07       		.byte	7
  36 0003 16       		.byte	22
  37              		.section	.text.Cpu_OnNMIINT,"ax",%progbits
  38              		.align	2
  39              		.global	Cpu_OnNMIINT
  40              		.thumb
  41              		.thumb_func
  43              	Cpu_OnNMIINT:
  44              	.LFB0:
  45              		.file 1 "../Sources/Events.c"
   1:../Sources/Events.c **** /* ###################################################################
   2:../Sources/Events.c **** **     Filename    : Events.c
   3:../Sources/Events.c **** **     Project     : INTRO_Robot_Master
   4:../Sources/Events.c **** **     Processor   : MK22FX512VLQ12
   5:../Sources/Events.c **** **     Component   : Events
   6:../Sources/Events.c **** **     Version     : Driver 01.00
   7:../Sources/Events.c **** **     Compiler    : GNU C Compiler
   8:../Sources/Events.c **** **     Date/Time   : 2016-09-20, 21:03, # CodeGen: 0
   9:../Sources/Events.c **** **     Abstract    :
  10:../Sources/Events.c **** **         This is user's event module.
  11:../Sources/Events.c **** **         Put your event handler code here.
  12:../Sources/Events.c **** **     Contents    :
  13:../Sources/Events.c **** **         Cpu_OnNMIINT - void Cpu_OnNMIINT(void);
  14:../Sources/Events.c **** **
  15:../Sources/Events.c **** ** ###################################################################*/
  16:../Sources/Events.c **** /*!
  17:../Sources/Events.c **** ** @file Events.c
  18:../Sources/Events.c **** ** @version 01.00
  19:../Sources/Events.c **** ** @brief
  20:../Sources/Events.c **** **         This is user's event module.
  21:../Sources/Events.c **** **         Put your event handler code here.
  22:../Sources/Events.c **** */         
  23:../Sources/Events.c **** /*!
  24:../Sources/Events.c **** **  @addtogroup Events_module Events module documentation
  25:../Sources/Events.c **** **  @{
  26:../Sources/Events.c **** */         
  27:../Sources/Events.c **** /* MODULE Events */
  28:../Sources/Events.c **** 
  29:../Sources/Events.c **** #include "Cpu.h"
  30:../Sources/Events.c **** #include "Events.h"
  31:../Sources/Events.c **** 
  32:../Sources/Events.c **** #ifdef __cplusplus
  33:../Sources/Events.c **** extern "C" {
  34:../Sources/Events.c **** #endif 
  35:../Sources/Events.c **** 
  36:../Sources/Events.c **** 
  37:../Sources/Events.c **** /* User includes (#include below this line is not maintained by Processor Expert) */
  38:../Sources/Events.c **** /*
  39:../Sources/Events.c **** ** ===================================================================
  40:../Sources/Events.c **** **     Event       :  Cpu_OnNMIINT (module Events)
  41:../Sources/Events.c **** **
  42:../Sources/Events.c **** **     Component   :  Cpu [MK22FN1M0LQ12]
  43:../Sources/Events.c **** */
  44:../Sources/Events.c **** /*!
  45:../Sources/Events.c **** **     @brief
  46:../Sources/Events.c **** **         This event is called when the Non maskable interrupt had
  47:../Sources/Events.c **** **         occurred. This event is automatically enabled when the [NMI
  48:../Sources/Events.c **** **         interrupt] property is set to 'Enabled'.
  49:../Sources/Events.c **** */
  50:../Sources/Events.c **** /* ===================================================================*/
  51:../Sources/Events.c **** void Cpu_OnNMIINT(void)
  52:../Sources/Events.c **** {
  46              		.loc 1 52 0
  47              		.cfi_startproc
  48              		@ args = 0, pretend = 0, frame = 0
  49              		@ frame_needed = 1, uses_anonymous_args = 0
  50              		@ link register save eliminated.
  51 0000 80B4     		push	{r7}
  52              		.cfi_def_cfa_offset 4
  53              		.cfi_offset 7, -4
  54 0002 00AF     		add	r7, sp, #0
  55              		.cfi_def_cfa_register 7
  53:../Sources/Events.c ****   /* Write your code here ... */
  54:../Sources/Events.c **** }
  56              		.loc 1 54 0
  57 0004 BD46     		mov	sp, r7
  58              		@ sp needed
  59 0006 5DF8047B 		ldr	r7, [sp], #4
  60 000a 7047     		bx	lr
  61              		.cfi_endproc
  62              	.LFE0:
  64              		.section	.text.QuadInt_OnInterrupt,"ax",%progbits
  65              		.align	2
  66              		.global	QuadInt_OnInterrupt
  67              		.thumb
  68              		.thumb_func
  70              	QuadInt_OnInterrupt:
  71              	.LFB1:
  55:../Sources/Events.c **** 
  56:../Sources/Events.c **** 
  57:../Sources/Events.c **** 
  58:../Sources/Events.c **** /*
  59:../Sources/Events.c **** ** ===================================================================
  60:../Sources/Events.c **** **     Event       :  QuadInt_OnInterrupt (module Events)
  61:../Sources/Events.c **** **
  62:../Sources/Events.c **** **     Component   :  QuadInt [TimerInt]
  63:../Sources/Events.c **** **     Description :
  64:../Sources/Events.c **** **         When a timer interrupt occurs this event is called (only
  65:../Sources/Events.c **** **         when the component is enabled - <Enable> and the events are
  66:../Sources/Events.c **** **         enabled - <EnableEvent>). This event is enabled only if a
  67:../Sources/Events.c **** **         <interrupt service/event> is enabled.
  68:../Sources/Events.c **** **     Parameters  : None
  69:../Sources/Events.c **** **     Returns     : Nothing
  70:../Sources/Events.c **** ** ===================================================================
  71:../Sources/Events.c **** */
  72:../Sources/Events.c **** void QuadInt_OnInterrupt(void)
  73:../Sources/Events.c **** {
  72              		.loc 1 73 0
  73              		.cfi_startproc
  74              		@ args = 0, pretend = 0, frame = 0
  75              		@ frame_needed = 1, uses_anonymous_args = 0
  76              		@ link register save eliminated.
  77 0000 80B4     		push	{r7}
  78              		.cfi_def_cfa_offset 4
  79              		.cfi_offset 7, -4
  80 0002 00AF     		add	r7, sp, #0
  81              		.cfi_def_cfa_register 7
  74:../Sources/Events.c ****   /* Write your code here ... */
  75:../Sources/Events.c **** }
  82              		.loc 1 75 0
  83 0004 BD46     		mov	sp, r7
  84              		@ sp needed
  85 0006 5DF8047B 		ldr	r7, [sp], #4
  86 000a 7047     		bx	lr
  87              		.cfi_endproc
  88              	.LFE1:
  90              		.text
  91              	.Letext0:
  92              		.file 2 "c:\\freescale\\kds_v3\\toolchain\\arm-none-eabi\\include\\machine\\_default_types.h"
  93              		.file 3 "c:\\freescale\\kds_v3\\toolchain\\arm-none-eabi\\include\\stdint.h"
  94              		.file 4 "C:/INTRO_HS18/IntroAronAlex/TEAM_Robot/Generated_Code/TmDt1.h"
DEFINED SYMBOLS
                            *ABS*:00000000 Events.c
C:\Users\Aron\AppData\Local\Temp\ccujGwWd.s:21     .rodata.TmDt1_DefaultTime:00000000 $d
C:\Users\Aron\AppData\Local\Temp\ccujGwWd.s:24     .rodata.TmDt1_DefaultTime:00000000 TmDt1_DefaultTime
C:\Users\Aron\AppData\Local\Temp\ccujGwWd.s:30     .rodata.TmDt1_DefaultDate:00000000 $d
C:\Users\Aron\AppData\Local\Temp\ccujGwWd.s:33     .rodata.TmDt1_DefaultDate:00000000 TmDt1_DefaultDate
C:\Users\Aron\AppData\Local\Temp\ccujGwWd.s:38     .text.Cpu_OnNMIINT:00000000 $t
C:\Users\Aron\AppData\Local\Temp\ccujGwWd.s:43     .text.Cpu_OnNMIINT:00000000 Cpu_OnNMIINT
C:\Users\Aron\AppData\Local\Temp\ccujGwWd.s:65     .text.QuadInt_OnInterrupt:00000000 $t
C:\Users\Aron\AppData\Local\Temp\ccujGwWd.s:70     .text.QuadInt_OnInterrupt:00000000 QuadInt_OnInterrupt
                     .debug_frame:00000010 $d
                           .group:00000000 wm4.0.22dcf9ce9babd46e5ea858ea4400d115
                           .group:00000000 wm4.features.h.22.6a4ca7cd053637cc1d0db6c16f39b2d7
                           .group:00000000 wm4._default_types.h.15.8b2cb27e528498f8ff711db085d6e489
                           .group:00000000 wm4.stdint.h.20.796e373797e732130a803d4c0338fa1b
                           .group:00000000 wm4.PE_Types.h.68.de7a315b6e4c635a9a7a45ae6ec20b08
                           .group:00000000 wm4.PE_Error.h.60.6ccf96637e85421388d147a5dcbc3621
                           .group:00000000 wm4.PE_Const.h.60.44eca2ca2a72148441f11b3e43b344a9
                           .group:00000000 wm4.MK22F12.h.59.83dcc0895f45d7d67f2182a38aa7f04f
                           .group:00000000 wm4.Cpu.h.80.27ab3269a1d751f899c04690559be7d6
                           .group:00000000 wm4.PDD_Types.h.5.e0b4125fe5201c5e1f688b067f4f0d54
                           .group:00000000 wm4.GPIO_PDD.h.123.0d360e6978ec29f76970d5d88d4be5fd
                           .group:00000000 wm4.BitIoLdd1.h.106.6aefd12cf122f858b9a6e67e04698df3
                           .group:00000000 wm4.LEDPin1.h.120.0f7601ad191d04c80fd3ddb71251d171
                           .group:00000000 wm4.BitIoLdd2.h.84.64d657f533e4e051bbc2978dd6e2235b
                           .group:00000000 wm4.LEDPin2.h.120.c2ee03db2e7e458899a79b5e691b310f
                           .group:00000000 wm4.BitIoLdd3.h.80.f05901605addf9f16fd809d9e28a4caf
                           .group:00000000 wm4.MCUC1config.h.9.0bb8fec22d828f19e34a4cdf9951d555
                           .group:00000000 wm4.CLS1config.h.2.854bb35357facad932898800d8509913
                           .group:00000000 wm4.CLS1.h.122.6dfe00e3ccac8c27c20e405bc6b8e609
                           .group:00000000 wm4.WAIT1config.h.9.10dc563fdcbcf1b71ae6cd3c0d22fd32
                           .group:00000000 wm4.WAIT1.h.93.af9b975f9a6d5eb80ff72ca188861d18
                           .group:00000000 wm4.newlib.h.8.fec018e441fee7bfa1923812ad010f97
                           .group:00000000 wm4.config.h.212.4163ef2871a828c674038d036b081cfd
                           .group:00000000 wm4._ansi.h.23.2147fde150631f5584b9dc29b914d1b8
                           .group:00000000 wm4.stddef.h.39.daafd3d79fe2f3a84d2d73d7d4e706f8
                           .group:00000000 wm4.lock.h.2.9bc98482741e5e2a9450b12934a684ea
                           .group:00000000 wm4._types.h.54.d3d34a3b7f3cc230cd159baf022b4b08
                           .group:00000000 wm4.stddef.h.158.61317cdbfb4026324507d123a50b0fd6
                           .group:00000000 wm4.reent.h.17.8bd9e4098e0428508c282cad794fae43
                           .group:00000000 wm4.cdefs.h.56.a2d04de9d47039852021e66fca39bb58
                           .group:00000000 wm4.string.h.15.dab3980bf35408a4c507182805e2de3a
                           .group:00000000 wm4.stddef.h.158.a7efb00f6cbc6f43213b50e183c9830c
                           .group:00000000 wm4.UTIL1.h.779.3f4da336bf693064cf78522cb140d5f7
                           .group:00000000 wm4.XF1config.h.2.019525ef4bf64d9e3cd792a651ed2fc0
                           .group:00000000 wm4.stdarg.h.31.72c3aa8d68b291953fa52b9471bcdff7
                           .group:00000000 wm4.CS1config.h.2.e5153cf58e5fe0ee6ea0dc776d94aafd
                           .group:00000000 wm4.CS1.h.86.71773cc9f7a1189b60d5af00334fca8e
                           .group:00000000 wm4.CLS1.h.172.83b9daee286b58c7d453522f7dba0b4f
                           .group:00000000 wm4.RTT1config.h.9.558b8e72f87fd463160ae39e042c41f1
                           .group:00000000 wm4.SEGGER_RTT_Conf.h.68.24b18c92ee0ed50596d5a2ac2446e1f3
                           .group:00000000 wm4.SEGGER_RTT.h.170.7440a65c6e414fb2a8040073a0d6a958
                           .group:00000000 wm4.RTT1.h.115.43f0ed708a6264c94c5a08549cc1736d
                           .group:00000000 wm4.BitIoLdd5.h.83.06666aca4789003a87ddf4a1c03c30bb
                           .group:00000000 wm4.LEDpin3.h.119.c8dbb0df9eaea76eb8c772f8b6a93b9e
                           .group:00000000 wm4.LED_IR.h.89.bb1bda720ff4993422313b57362152b8
                           .group:00000000 wm4.FTM_PDD.h.9.4bf67b81fa923530600b2f7d82fb2c82
                           .group:00000000 wm4.RefCnt.h.119.51c58ca380cb781004d49e143bcf25ce
                           .group:00000000 wm4.BitIoLdd6.h.86.8c3db6ace448db0460b7b918d55b052f
                           .group:00000000 wm4.IR1.h.115.7ad95a1efdb73410d85da1efd9af50ec
                           .group:00000000 wm4.BitIoLdd7.h.86.1aca84bdbe0d0f3eb31633a0dd178595
                           .group:00000000 wm4.IR2.h.115.4c52749d4740eb1eb024d7b73d3ae164
                           .group:00000000 wm4.BitIoLdd8.h.86.3f05f0deda60864e24298fccd4f84847
                           .group:00000000 wm4.IR3.h.115.487f3b2e89cbf00a9b70404b3ff28538
                           .group:00000000 wm4.BitIoLdd9.h.86.193660535d8a583368f21e5788049bc2
                           .group:00000000 wm4.IR4.h.115.43d770b35540c7b4c57f8578a4ac4859
                           .group:00000000 wm4.BitIoLdd10.h.86.0a65f301f331cf043a491a1d5af49375
                           .group:00000000 wm4.IR5.h.115.5fa5d4527eda62e01e2eb48ec2474852
                           .group:00000000 wm4.BitIoLdd11.h.86.118e31cee7bf502dc8f630e7613f28ff
                           .group:00000000 wm4.IR6.h.115.844e1ca32815ba11d89c1a6d4994d491
                           .group:00000000 wm4.BitIoLdd16.h.80.553771aed0ac977680127199a53411c3
                           .group:00000000 wm4.BitIoLdd17.h.80.4955ec09d8ba6218b2155bd2806c47ef
                           .group:00000000 wm4.Q4CLeft.h.95.e8e289488260c59685bbedea33440786
                           .group:00000000 wm4.BitIoLdd18.h.80.9bd8c96d631c658197bd9f5a96217378
                           .group:00000000 wm4.BitIoLdd19.h.80.3e408b47d901a6602b2ffb435d1bed45
                           .group:00000000 wm4.Q4CRight.h.95.2dcac9bda47be73a4c2f58b434332738
                           .group:00000000 wm4.MOTTU.h.132.efbe072b278d4563486200c24bc4d8f2
                           .group:00000000 wm4.BitIoLdd12.h.83.89ad729bdc6bcdd64dbdba0a7a785f29
                           .group:00000000 wm4.DIRL.h.119.0ba0dba920116942c24256eef94918d6
                           .group:00000000 wm4.PwmLdd2.h.118.e4d46912157cd88f7c4ee4206e648ce0
                           .group:00000000 wm4.PWMR.h.104.1676261867e53519aacdeb0fe42a5e28
                           .group:00000000 wm4.BitIoLdd13.h.83.b3e4843c66f80c7b9f602fbe583579ff
                           .group:00000000 wm4.DIRR.h.119.3819064066d96bdb639e5fdeb31268a4
                           .group:00000000 wm4.PwmLdd3.h.98.4e755c5cacda2ff1bc644a2d16364051
                           .group:00000000 wm4.PWML.h.104.39854974e902631947e808c7b34a4660
                           .group:00000000 wm4.PIT_PDD.h.9.7be1c07eaee825acab7b9ea5f7bf2d60
                           .group:00000000 wm4.TU_QuadInt.h.119.c95e3fe39b4be442ba105baa4ac336a5
                           .group:00000000 wm4.TimerIntLdd2.h.115.d2bfa8e5c6927b3e9f2311b6b5c7077a
                           .group:00000000 wm4.TMOUT1.h.87.b6e8a0bc76f5ddb6885fb8160d83a276
                           .group:00000000 wm4.CDC1config.h.2.2be1a589b954aa914c1902ad9ba021c3
                           .group:00000000 wm4.Rx1config.h.2.c30e4a0e45f6e807cce9dde5ea425cff
                           .group:00000000 wm4.Tx1config.h.2.d91879c115169a321839683317c9c920
                           .group:00000000 wm4.CDC1.h.124.b4a2251cc75154da6719786102b54d8a
                           .group:00000000 wm4.USB1.h.87.d7dd529d6ff87e63a83403004f604115
                           .group:00000000 wm4.USB0.h.229.b789068b5a727688d0846632d913cfef
                           .group:00000000 wm4.ADC_PDD.h.9.df8c50f584de4b57c0a352475fa7e81c
                           .group:00000000 wm4.ADC_Bat.h.137.a84b4e3a144db38a435c2634c7d72458
                           .group:00000000 wm4.TmDt1.h.123.693fa6f195c7fc631f6dcf3a45c64eb4
                           .group:00000000 wm4.FTFE_PDD.h.9.40d68fd77e239c683ea3840917fd4e47
                           .group:00000000 wm4.FMC_PDD.h.9.181464bd332af8d36f15c072c1936de8
                           .group:00000000 wm4.IntFlashLdd1.h.119.6ef6fcca95541f24b629003abfa3038e
                           .group:00000000 wm4.IFsh1.h.121.c87d7033c18812659e3ae9b3118ceeb7
                           .group:00000000 wm4.BitIoLdd4.h.84.7eb71e610568b023506a69afad8f09fd
                           .group:00000000 wm4.BUZ1.h.120.8e6c531384bea9e8ca2bbc8bc2d3ddfa
                           .group:00000000 wm4.HF1config.h.2.9ac2f63384419afc90014cf0377b0f43
                           .group:00000000 wm4.KIN1config.h.9.ab40a5871d92daf91163fbd666cce881
                           .group:00000000 wm4.KIN1.h.91.3d4462c05cb3114f21995efcad73491e

NO UNDEFINED SYMBOLS
