Archive member included because of file (symbol)

/Applications/KDS.app/Contents/toolchain/bin/../lib/gcc/arm-none-eabi/4.8.4/../../../../arm-none-eabi/lib/armv7e-m/libg_s.a(lib_a-exit.o)
                              /Applications/KDS.app/Contents/toolchain/bin/../lib/gcc/arm-none-eabi/4.8.4/../../../../arm-none-eabi/lib/armv7e-m/crt0.o (exit)
/Applications/KDS.app/Contents/toolchain/bin/../lib/gcc/arm-none-eabi/4.8.4/../../../../arm-none-eabi/lib/armv7e-m/libg_s.a(lib_a-impure.o)
                              /Applications/KDS.app/Contents/toolchain/bin/../lib/gcc/arm-none-eabi/4.8.4/../../../../arm-none-eabi/lib/armv7e-m/libg_s.a(lib_a-exit.o) (_global_impure_ptr)
/Applications/KDS.app/Contents/toolchain/bin/../lib/gcc/arm-none-eabi/4.8.4/../../../../arm-none-eabi/lib/armv7e-m/libg_s.a(lib_a-init.o)
                              /Applications/KDS.app/Contents/toolchain/bin/../lib/gcc/arm-none-eabi/4.8.4/../../../../arm-none-eabi/lib/armv7e-m/crt0.o (__libc_init_array)
/Applications/KDS.app/Contents/toolchain/bin/../lib/gcc/arm-none-eabi/4.8.4/../../../../arm-none-eabi/lib/armv7e-m/libg_s.a(lib_a-memset.o)
                              /Applications/KDS.app/Contents/toolchain/bin/../lib/gcc/arm-none-eabi/4.8.4/../../../../arm-none-eabi/lib/armv7e-m/crt0.o (memset)
/Applications/KDS.app/Contents/toolchain/bin/../lib/gcc/arm-none-eabi/4.8.4/../../../../arm-none-eabi/lib/armv7e-m/libnosys.a(_exit.o)
                              /Applications/KDS.app/Contents/toolchain/bin/../lib/gcc/arm-none-eabi/4.8.4/../../../../arm-none-eabi/lib/armv7e-m/libg_s.a(lib_a-exit.o) (_exit)

Allocating common symbols
Common symbol       size              file

SR_reg              0x1               ./Generated_Code/Cpu.o

Discarded input sections

 .text          0x0000000000000000        0x0 /Applications/KDS.app/Contents/toolchain/bin/../lib/gcc/arm-none-eabi/4.8.4/armv7e-m/crti.o
 .data          0x0000000000000000        0x0 /Applications/KDS.app/Contents/toolchain/bin/../lib/gcc/arm-none-eabi/4.8.4/armv7e-m/crti.o
 .bss           0x0000000000000000        0x0 /Applications/KDS.app/Contents/toolchain/bin/../lib/gcc/arm-none-eabi/4.8.4/armv7e-m/crti.o
 .data          0x0000000000000000        0x4 /Applications/KDS.app/Contents/toolchain/bin/../lib/gcc/arm-none-eabi/4.8.4/armv7e-m/crtbegin.o
 .data          0x0000000000000000        0x0 /Applications/KDS.app/Contents/toolchain/bin/../lib/gcc/arm-none-eabi/4.8.4/../../../../arm-none-eabi/lib/armv7e-m/crt0.o
 .bss           0x0000000000000000        0x0 /Applications/KDS.app/Contents/toolchain/bin/../lib/gcc/arm-none-eabi/4.8.4/../../../../arm-none-eabi/lib/armv7e-m/crt0.o
 .ARM.extab     0x0000000000000000        0x0 /Applications/KDS.app/Contents/toolchain/bin/../lib/gcc/arm-none-eabi/4.8.4/../../../../arm-none-eabi/lib/armv7e-m/crt0.o
 .group         0x0000000000000000        0x8 ./Sources/Events.o
 .group         0x0000000000000000        0x8 ./Sources/Events.o
 .group         0x0000000000000000        0x8 ./Sources/Events.o
 .group         0x0000000000000000        0x8 ./Sources/Events.o
 .group         0x0000000000000000        0x8 ./Sources/Events.o
 .group         0x0000000000000000        0x8 ./Sources/Events.o
 .group         0x0000000000000000        0x8 ./Sources/Events.o
 .group         0x0000000000000000        0x8 ./Sources/Events.o
 .group         0x0000000000000000        0x8 ./Sources/Events.o
 .text          0x0000000000000000        0x0 ./Sources/Events.o
 .data          0x0000000000000000        0x0 ./Sources/Events.o
 .bss           0x0000000000000000        0x0 ./Sources/Events.o
 .group         0x0000000000000000        0x8 ./Sources/main.o
 .group         0x0000000000000000        0x8 ./Sources/main.o
 .group         0x0000000000000000        0x8 ./Sources/main.o
 .group         0x0000000000000000        0x8 ./Sources/main.o
 .group         0x0000000000000000        0x8 ./Sources/main.o
 .group         0x0000000000000000        0x8 ./Sources/main.o
 .group         0x0000000000000000        0x8 ./Sources/main.o
 .group         0x0000000000000000        0x8 ./Sources/main.o
 .group         0x0000000000000000        0x8 ./Sources/main.o
 .text          0x0000000000000000        0x0 ./Sources/main.o
 .data          0x0000000000000000        0x0 ./Sources/main.o
 .bss           0x0000000000000000        0x0 ./Sources/main.o
 .debug_macro   0x0000000000000000      0x84a ./Sources/main.o
 .debug_macro   0x0000000000000000       0x16 ./Sources/main.o
 .debug_macro   0x0000000000000000       0x44 ./Sources/main.o
 .debug_macro   0x0000000000000000      0x209 ./Sources/main.o
 .debug_macro   0x0000000000000000     0x1656 ./Sources/main.o
 .debug_macro   0x0000000000000000      0x14e ./Sources/main.o
 .debug_macro   0x0000000000000000       0x6a ./Sources/main.o
 .debug_macro   0x0000000000000000     0x9b9f ./Sources/main.o
 .debug_macro   0x0000000000000000       0x94 ./Sources/main.o
 .group         0x0000000000000000        0x8 ./Project_Settings/Startup_Code/startup.o
 .group         0x0000000000000000        0x8 ./Project_Settings/Startup_Code/startup.o
 .group         0x0000000000000000        0x8 ./Project_Settings/Startup_Code/startup.o
 .group         0x0000000000000000        0x8 ./Project_Settings/Startup_Code/startup.o
 .group         0x0000000000000000        0x8 ./Project_Settings/Startup_Code/startup.o
 .group         0x0000000000000000        0x8 ./Project_Settings/Startup_Code/startup.o
 .group         0x0000000000000000        0x8 ./Project_Settings/Startup_Code/startup.o
 .group         0x0000000000000000        0x8 ./Project_Settings/Startup_Code/startup.o
 .group         0x0000000000000000        0x8 ./Project_Settings/Startup_Code/startup.o
 .group         0x0000000000000000        0x8 ./Project_Settings/Startup_Code/startup.o
 .group         0x0000000000000000        0x8 ./Project_Settings/Startup_Code/startup.o
 .group         0x0000000000000000        0x8 ./Project_Settings/Startup_Code/startup.o
 .group         0x0000000000000000        0x8 ./Project_Settings/Startup_Code/startup.o
 .group         0x0000000000000000        0x8 ./Project_Settings/Startup_Code/startup.o
 .group         0x0000000000000000        0x8 ./Project_Settings/Startup_Code/startup.o
 .group         0x0000000000000000        0x8 ./Project_Settings/Startup_Code/startup.o
 .group         0x0000000000000000        0x8 ./Project_Settings/Startup_Code/startup.o
 .group         0x0000000000000000        0x8 ./Project_Settings/Startup_Code/startup.o
 .group         0x0000000000000000        0x8 ./Project_Settings/Startup_Code/startup.o
 .text          0x0000000000000000        0x0 ./Project_Settings/Startup_Code/startup.o
 .data          0x0000000000000000        0x0 ./Project_Settings/Startup_Code/startup.o
 .bss           0x0000000000000000        0x0 ./Project_Settings/Startup_Code/startup.o
 .text.__init_hardware
                0x0000000000000000        0xc ./Project_Settings/Startup_Code/startup.o
 .text.__iar_program_start
                0x0000000000000000        0xc ./Project_Settings/Startup_Code/startup.o
 .debug_macro   0x0000000000000000      0x84a ./Project_Settings/Startup_Code/startup.o
 .debug_macro   0x0000000000000000       0x16 ./Project_Settings/Startup_Code/startup.o
 .group         0x0000000000000000        0x8 ./Generated_Code/Cpu.o
 .group         0x0000000000000000        0x8 ./Generated_Code/Cpu.o
 .group         0x0000000000000000        0x8 ./Generated_Code/Cpu.o
 .group         0x0000000000000000        0x8 ./Generated_Code/Cpu.o
 .group         0x0000000000000000        0x8 ./Generated_Code/Cpu.o
 .group         0x0000000000000000        0x8 ./Generated_Code/Cpu.o
 .group         0x0000000000000000        0x8 ./Generated_Code/Cpu.o
 .group         0x0000000000000000        0x8 ./Generated_Code/Cpu.o
 .group         0x0000000000000000        0x8 ./Generated_Code/Cpu.o
 .text          0x0000000000000000        0x0 ./Generated_Code/Cpu.o
 .data          0x0000000000000000        0x0 ./Generated_Code/Cpu.o
 .bss           0x0000000000000000        0x0 ./Generated_Code/Cpu.o
 .bss.SR_lock   0x0000000000000000        0x1 ./Generated_Code/Cpu.o
 .debug_macro   0x0000000000000000      0x84a ./Generated_Code/Cpu.o
 .debug_macro   0x0000000000000000       0x16 ./Generated_Code/Cpu.o
 .debug_macro   0x0000000000000000       0x44 ./Generated_Code/Cpu.o
 .debug_macro   0x0000000000000000      0x209 ./Generated_Code/Cpu.o
 .debug_macro   0x0000000000000000     0x1656 ./Generated_Code/Cpu.o
 .debug_macro   0x0000000000000000      0x14e ./Generated_Code/Cpu.o
 .debug_macro   0x0000000000000000       0x6a ./Generated_Code/Cpu.o
 .debug_macro   0x0000000000000000     0x9b9f ./Generated_Code/Cpu.o
 COMMON         0x0000000000000000        0x1 ./Generated_Code/Cpu.o
 .group         0x0000000000000000        0x8 ./Generated_Code/PE_LDD.o
 .group         0x0000000000000000        0x8 ./Generated_Code/PE_LDD.o
 .group         0x0000000000000000        0x8 ./Generated_Code/PE_LDD.o
 .group         0x0000000000000000        0x8 ./Generated_Code/PE_LDD.o
 .group         0x0000000000000000        0x8 ./Generated_Code/PE_LDD.o
 .group         0x0000000000000000        0x8 ./Generated_Code/PE_LDD.o
 .group         0x0000000000000000        0x8 ./Generated_Code/PE_LDD.o
 .group         0x0000000000000000        0x8 ./Generated_Code/PE_LDD.o
 .group         0x0000000000000000        0x8 ./Generated_Code/PE_LDD.o
 .text          0x0000000000000000        0x0 ./Generated_Code/PE_LDD.o
 .data          0x0000000000000000        0x0 ./Generated_Code/PE_LDD.o
 .bss           0x0000000000000000        0x0 ./Generated_Code/PE_LDD.o
 .rodata.PE_CpuClockConfigurations
                0x0000000000000000       0x28 ./Generated_Code/PE_LDD.o
 .text.PE_FillMemory
                0x0000000000000000       0x24 ./Generated_Code/PE_LDD.o
 .text.PE_PeripheralUsed
                0x0000000000000000       0x18 ./Generated_Code/PE_LDD.o
 .text.LDD_SetClockConfiguration
                0x0000000000000000       0x14 ./Generated_Code/PE_LDD.o
 .debug_info    0x0000000000000000      0x215 ./Generated_Code/PE_LDD.o
 .debug_abbrev  0x0000000000000000       0xf3 ./Generated_Code/PE_LDD.o
 .debug_aranges
                0x0000000000000000       0x30 ./Generated_Code/PE_LDD.o
 .debug_ranges  0x0000000000000000       0x20 ./Generated_Code/PE_LDD.o
 .debug_macro   0x0000000000000000       0x8f ./Generated_Code/PE_LDD.o
 .debug_macro   0x0000000000000000      0x84a ./Generated_Code/PE_LDD.o
 .debug_macro   0x0000000000000000       0x16 ./Generated_Code/PE_LDD.o
 .debug_macro   0x0000000000000000       0x44 ./Generated_Code/PE_LDD.o
 .debug_macro   0x0000000000000000      0x209 ./Generated_Code/PE_LDD.o
 .debug_macro   0x0000000000000000     0x1656 ./Generated_Code/PE_LDD.o
 .debug_macro   0x0000000000000000      0x14e ./Generated_Code/PE_LDD.o
 .debug_macro   0x0000000000000000       0x6a ./Generated_Code/PE_LDD.o
 .debug_macro   0x0000000000000000     0x9b9f ./Generated_Code/PE_LDD.o
 .debug_macro   0x0000000000000000       0x94 ./Generated_Code/PE_LDD.o
 .debug_line    0x0000000000000000      0x278 ./Generated_Code/PE_LDD.o
 .debug_str     0x0000000000000000    0x3ee95 ./Generated_Code/PE_LDD.o
 .comment       0x0000000000000000       0x71 ./Generated_Code/PE_LDD.o
 .ARM.attributes
                0x0000000000000000       0x33 ./Generated_Code/PE_LDD.o
 .debug_frame   0x0000000000000000       0x64 ./Generated_Code/PE_LDD.o
 .group         0x0000000000000000        0x8 ./Generated_Code/Vectors.o
 .group         0x0000000000000000        0x8 ./Generated_Code/Vectors.o
 .group         0x0000000000000000        0x8 ./Generated_Code/Vectors.o
 .group         0x0000000000000000        0x8 ./Generated_Code/Vectors.o
 .group         0x0000000000000000        0x8 ./Generated_Code/Vectors.o
 .group         0x0000000000000000        0x8 ./Generated_Code/Vectors.o
 .group         0x0000000000000000        0x8 ./Generated_Code/Vectors.o
 .group         0x0000000000000000        0x8 ./Generated_Code/Vectors.o
 .group         0x0000000000000000        0x8 ./Generated_Code/Vectors.o
 .text          0x0000000000000000        0x0 ./Generated_Code/Vectors.o
 .data          0x0000000000000000        0x0 ./Generated_Code/Vectors.o
 .bss           0x0000000000000000        0x0 ./Generated_Code/Vectors.o
 .debug_macro   0x0000000000000000      0x84a ./Generated_Code/Vectors.o
 .debug_macro   0x0000000000000000       0x16 ./Generated_Code/Vectors.o
 .debug_macro   0x0000000000000000       0x44 ./Generated_Code/Vectors.o
 .debug_macro   0x0000000000000000      0x209 ./Generated_Code/Vectors.o
 .debug_macro   0x0000000000000000     0x1656 ./Generated_Code/Vectors.o
 .debug_macro   0x0000000000000000      0x14e ./Generated_Code/Vectors.o
 .debug_macro   0x0000000000000000       0x6a ./Generated_Code/Vectors.o
 .debug_macro   0x0000000000000000     0x9b9f ./Generated_Code/Vectors.o
 .debug_macro   0x0000000000000000       0x94 ./Generated_Code/Vectors.o
 .text          0x0000000000000000        0x0 /Applications/KDS.app/Contents/toolchain/bin/../lib/gcc/arm-none-eabi/4.8.4/../../../../arm-none-eabi/lib/armv7e-m/libg_s.a(lib_a-exit.o)
 .data          0x0000000000000000        0x0 /Applications/KDS.app/Contents/toolchain/bin/../lib/gcc/arm-none-eabi/4.8.4/../../../../arm-none-eabi/lib/armv7e-m/libg_s.a(lib_a-exit.o)
 .bss           0x0000000000000000        0x0 /Applications/KDS.app/Contents/toolchain/bin/../lib/gcc/arm-none-eabi/4.8.4/../../../../arm-none-eabi/lib/armv7e-m/libg_s.a(lib_a-exit.o)
 .text          0x0000000000000000        0x0 /Applications/KDS.app/Contents/toolchain/bin/../lib/gcc/arm-none-eabi/4.8.4/../../../../arm-none-eabi/lib/armv7e-m/libg_s.a(lib_a-impure.o)
 .data          0x0000000000000000        0x0 /Applications/KDS.app/Contents/toolchain/bin/../lib/gcc/arm-none-eabi/4.8.4/../../../../arm-none-eabi/lib/armv7e-m/libg_s.a(lib_a-impure.o)
 .bss           0x0000000000000000        0x0 /Applications/KDS.app/Contents/toolchain/bin/../lib/gcc/arm-none-eabi/4.8.4/../../../../arm-none-eabi/lib/armv7e-m/libg_s.a(lib_a-impure.o)
 .data._impure_ptr
                0x0000000000000000        0x4 /Applications/KDS.app/Contents/toolchain/bin/../lib/gcc/arm-none-eabi/4.8.4/../../../../arm-none-eabi/lib/armv7e-m/libg_s.a(lib_a-impure.o)
 .text          0x0000000000000000        0x0 /Applications/KDS.app/Contents/toolchain/bin/../lib/gcc/arm-none-eabi/4.8.4/../../../../arm-none-eabi/lib/armv7e-m/libg_s.a(lib_a-init.o)
 .data          0x0000000000000000        0x0 /Applications/KDS.app/Contents/toolchain/bin/../lib/gcc/arm-none-eabi/4.8.4/../../../../arm-none-eabi/lib/armv7e-m/libg_s.a(lib_a-init.o)
 .bss           0x0000000000000000        0x0 /Applications/KDS.app/Contents/toolchain/bin/../lib/gcc/arm-none-eabi/4.8.4/../../../../arm-none-eabi/lib/armv7e-m/libg_s.a(lib_a-init.o)
 .text          0x0000000000000000        0x0 /Applications/KDS.app/Contents/toolchain/bin/../lib/gcc/arm-none-eabi/4.8.4/../../../../arm-none-eabi/lib/armv7e-m/libg_s.a(lib_a-memset.o)
 .data          0x0000000000000000        0x0 /Applications/KDS.app/Contents/toolchain/bin/../lib/gcc/arm-none-eabi/4.8.4/../../../../arm-none-eabi/lib/armv7e-m/libg_s.a(lib_a-memset.o)
 .bss           0x0000000000000000        0x0 /Applications/KDS.app/Contents/toolchain/bin/../lib/gcc/arm-none-eabi/4.8.4/../../../../arm-none-eabi/lib/armv7e-m/libg_s.a(lib_a-memset.o)
 .text          0x0000000000000000        0x0 /Applications/KDS.app/Contents/toolchain/bin/../lib/gcc/arm-none-eabi/4.8.4/../../../../arm-none-eabi/lib/armv7e-m/libnosys.a(_exit.o)
 .data          0x0000000000000000        0x0 /Applications/KDS.app/Contents/toolchain/bin/../lib/gcc/arm-none-eabi/4.8.4/../../../../arm-none-eabi/lib/armv7e-m/libnosys.a(_exit.o)
 .bss           0x0000000000000000        0x0 /Applications/KDS.app/Contents/toolchain/bin/../lib/gcc/arm-none-eabi/4.8.4/../../../../arm-none-eabi/lib/armv7e-m/libnosys.a(_exit.o)
 .text          0x0000000000000000        0x0 /Applications/KDS.app/Contents/toolchain/bin/../lib/gcc/arm-none-eabi/4.8.4/armv7e-m/crtend.o
 .data          0x0000000000000000        0x0 /Applications/KDS.app/Contents/toolchain/bin/../lib/gcc/arm-none-eabi/4.8.4/armv7e-m/crtend.o
 .bss           0x0000000000000000        0x0 /Applications/KDS.app/Contents/toolchain/bin/../lib/gcc/arm-none-eabi/4.8.4/armv7e-m/crtend.o
 .eh_frame      0x0000000000000000        0x4 /Applications/KDS.app/Contents/toolchain/bin/../lib/gcc/arm-none-eabi/4.8.4/armv7e-m/crtend.o
 .jcr           0x0000000000000000        0x4 /Applications/KDS.app/Contents/toolchain/bin/../lib/gcc/arm-none-eabi/4.8.4/armv7e-m/crtend.o
 .ARM.attributes
                0x0000000000000000       0x2e /Applications/KDS.app/Contents/toolchain/bin/../lib/gcc/arm-none-eabi/4.8.4/armv7e-m/crtend.o
 .text          0x0000000000000000        0x0 /Applications/KDS.app/Contents/toolchain/bin/../lib/gcc/arm-none-eabi/4.8.4/armv7e-m/crtn.o
 .data          0x0000000000000000        0x0 /Applications/KDS.app/Contents/toolchain/bin/../lib/gcc/arm-none-eabi/4.8.4/armv7e-m/crtn.o
 .bss           0x0000000000000000        0x0 /Applications/KDS.app/Contents/toolchain/bin/../lib/gcc/arm-none-eabi/4.8.4/armv7e-m/crtn.o

Memory Configuration

Name             Origin             Length             Attributes
m_interrupts     0x0000000000000000 0x00000000000000f8 xr
m_text           0x0000000000000410 0x000000000001fbf0 xr
m_data           0x000000001fffe000 0x0000000000002000 rw
m_data_20000000  0x0000000020000000 0x0000000000002000 rw
m_cfmprotrom     0x0000000000000400 0x0000000000000010 xr
*default*        0x0000000000000000 0xffffffffffffffff

Linker script and memory map

LOAD /Applications/KDS.app/Contents/toolchain/bin/../lib/gcc/arm-none-eabi/4.8.4/armv7e-m/crti.o
LOAD /Applications/KDS.app/Contents/toolchain/bin/../lib/gcc/arm-none-eabi/4.8.4/armv7e-m/crtbegin.o
LOAD /Applications/KDS.app/Contents/toolchain/bin/../lib/gcc/arm-none-eabi/4.8.4/../../../../arm-none-eabi/lib/armv7e-m/crt0.o
LOAD ./Sources/Events.o
LOAD ./Sources/main.o
LOAD ./Project_Settings/Startup_Code/startup.o
LOAD ./Generated_Code/Cpu.o
LOAD ./Generated_Code/PE_LDD.o
LOAD ./Generated_Code/Vectors.o
LOAD /Applications/KDS.app/Contents/toolchain/bin/../lib/gcc/arm-none-eabi/4.8.4/../../../../arm-none-eabi/lib/armv7e-m/libstdc++_s.a
LOAD /Applications/KDS.app/Contents/toolchain/bin/../lib/gcc/arm-none-eabi/4.8.4/../../../../arm-none-eabi/lib/armv7e-m/libm.a
START GROUP
LOAD /Applications/KDS.app/Contents/toolchain/bin/../lib/gcc/arm-none-eabi/4.8.4/armv7e-m/libgcc.a
LOAD /Applications/KDS.app/Contents/toolchain/bin/../lib/gcc/arm-none-eabi/4.8.4/../../../../arm-none-eabi/lib/armv7e-m/libg_s.a
LOAD /Applications/KDS.app/Contents/toolchain/bin/../lib/gcc/arm-none-eabi/4.8.4/../../../../arm-none-eabi/lib/armv7e-m/libc_s.a
END GROUP
START GROUP
LOAD /Applications/KDS.app/Contents/toolchain/bin/../lib/gcc/arm-none-eabi/4.8.4/armv7e-m/libgcc.a
LOAD /Applications/KDS.app/Contents/toolchain/bin/../lib/gcc/arm-none-eabi/4.8.4/../../../../arm-none-eabi/lib/armv7e-m/libc_s.a
LOAD /Applications/KDS.app/Contents/toolchain/bin/../lib/gcc/arm-none-eabi/4.8.4/../../../../arm-none-eabi/lib/armv7e-m/libnosys.a
END GROUP
START GROUP
LOAD /Applications/KDS.app/Contents/toolchain/bin/../lib/gcc/arm-none-eabi/4.8.4/armv7e-m/libgcc.a
LOAD /Applications/KDS.app/Contents/toolchain/bin/../lib/gcc/arm-none-eabi/4.8.4/../../../../arm-none-eabi/lib/armv7e-m/libc_s.a
LOAD /Applications/KDS.app/Contents/toolchain/bin/../lib/gcc/arm-none-eabi/4.8.4/../../../../arm-none-eabi/lib/armv7e-m/libnosys.a
END GROUP
LOAD /Applications/KDS.app/Contents/toolchain/bin/../lib/gcc/arm-none-eabi/4.8.4/armv7e-m/crtend.o
LOAD /Applications/KDS.app/Contents/toolchain/bin/../lib/gcc/arm-none-eabi/4.8.4/armv7e-m/crtn.o
                0x0000000020000000                _estack = 0x20000000
                0x0000000020000000                __SP_INIT = _estack
                0x0000000020000000                __stack = _estack
                0x0000000000000000                __heap_size = 0x0
                0x0000000000000400                __stack_size = 0x400

.interrupts     0x0000000000000000       0xf8
                0x0000000000000000                __vector_table = .
                0x0000000000000000                . = ALIGN (0x4)
 *(.vectortable)
 .vectortable   0x0000000000000000       0xf8 ./Generated_Code/Vectors.o
                0x0000000000000000                __vect_table
                0x00000000000000f8                . = ALIGN (0x4)

.cfmprotect     0x0000000000000400       0x10
                0x0000000000000400                . = ALIGN (0x4)
 *(.cfmconfig)
 .cfmconfig     0x0000000000000400       0x10 ./Generated_Code/Cpu.o
                0x0000000000000400                _cfm
                0x0000000000000410                . = ALIGN (0x4)

.text           0x0000000000000410      0x564
                0x0000000000000410                . = ALIGN (0x4)
 *(.text)
 .text          0x0000000000000410       0x54 /Applications/KDS.app/Contents/toolchain/bin/../lib/gcc/arm-none-eabi/4.8.4/armv7e-m/crtbegin.o
 .text          0x0000000000000464       0x74 /Applications/KDS.app/Contents/toolchain/bin/../lib/gcc/arm-none-eabi/4.8.4/../../../../arm-none-eabi/lib/armv7e-m/crt0.o
                0x0000000000000464                _mainCRTStartup
                0x0000000000000464                _start
 *(.text*)
 .text.Cpu_OnNMIINT
                0x00000000000004d8        0xc ./Sources/Events.o
                0x00000000000004d8                Cpu_OnNMIINT
 .text.main     0x00000000000004e4        0xc ./Sources/main.o
                0x00000000000004e4                main
 .text.__copy_rom_section
                0x00000000000004f0       0xe4 ./Project_Settings/Startup_Code/startup.o
                0x00000000000004f0                __copy_rom_section
 .text.__copy_rom_sections_to_ram
                0x00000000000005d4       0x9c ./Project_Settings/Startup_Code/startup.o
                0x00000000000005d4                __copy_rom_sections_to_ram
 .text.__init_registers
                0x0000000000000670        0xc ./Project_Settings/Startup_Code/startup.o
                0x0000000000000670                __init_registers
 .text.__init_user
                0x000000000000067c        0xc ./Project_Settings/Startup_Code/startup.o
                0x000000000000067c                __init_user
 .text.__thumb_startup
                0x0000000000000688       0x34 ./Project_Settings/Startup_Code/startup.o
                0x0000000000000688                __thumb_startup
 .text.Cpu_INT_NMIInterrupt
                0x00000000000006bc       0x1c ./Generated_Code/Cpu.o
                0x00000000000006bc                Cpu_INT_NMIInterrupt
 .text.Cpu_Interrupt
                0x00000000000006d8       0x18 ./Generated_Code/Cpu.o
                0x00000000000006d8                Cpu_Interrupt
 .text.__init_hardware
                0x00000000000006f0      0x11c ./Generated_Code/Cpu.o
                0x00000000000006f0                __init_hardware
 .text.Cpu_SetBASEPRI
                0x000000000000080c       0x18 ./Generated_Code/Cpu.o
                0x000000000000080c                Cpu_SetBASEPRI
 .text.PE_low_level_init
                0x0000000000000824       0xa8 ./Generated_Code/Cpu.o
                0x0000000000000824                PE_low_level_init
 .text.exit     0x00000000000008cc       0x28 /Applications/KDS.app/Contents/toolchain/bin/../lib/gcc/arm-none-eabi/4.8.4/../../../../arm-none-eabi/lib/armv7e-m/libg_s.a(lib_a-exit.o)
                0x00000000000008cc                exit
 .text.__libc_init_array
                0x00000000000008f4       0x4c /Applications/KDS.app/Contents/toolchain/bin/../lib/gcc/arm-none-eabi/4.8.4/../../../../arm-none-eabi/lib/armv7e-m/libg_s.a(lib_a-init.o)
                0x00000000000008f4                __libc_init_array
 .text.memset   0x0000000000000940       0x10 /Applications/KDS.app/Contents/toolchain/bin/../lib/gcc/arm-none-eabi/4.8.4/../../../../arm-none-eabi/lib/armv7e-m/libg_s.a(lib_a-memset.o)
                0x0000000000000940                memset
 .text._exit    0x0000000000000950        0x4 /Applications/KDS.app/Contents/toolchain/bin/../lib/gcc/arm-none-eabi/4.8.4/../../../../arm-none-eabi/lib/armv7e-m/libnosys.a(_exit.o)
                0x0000000000000950                _exit
 *(.rodata)
 *(.rodata*)
 .rodata.str1.1
                0x0000000000000954        0x2 /Applications/KDS.app/Contents/toolchain/bin/../lib/gcc/arm-none-eabi/4.8.4/../../../../arm-none-eabi/lib/armv7e-m/libg_s.a(lib_a-impure.o)
 *fill*         0x0000000000000956        0x2 
 .rodata._global_impure_ptr
                0x0000000000000958        0x4 /Applications/KDS.app/Contents/toolchain/bin/../lib/gcc/arm-none-eabi/4.8.4/../../../../arm-none-eabi/lib/armv7e-m/libg_s.a(lib_a-impure.o)
                0x0000000000000958                _global_impure_ptr
 *(.glue_7)
 .glue_7        0x0000000000000000        0x0 linker stubs
 *(.glue_7t)
 .glue_7t       0x0000000000000000        0x0 linker stubs
 *(.eh_frame)
 .eh_frame      0x000000000000095c        0x0 /Applications/KDS.app/Contents/toolchain/bin/../lib/gcc/arm-none-eabi/4.8.4/armv7e-m/crtbegin.o
 *(.init)
 .init          0x000000000000095c        0x4 /Applications/KDS.app/Contents/toolchain/bin/../lib/gcc/arm-none-eabi/4.8.4/armv7e-m/crti.o
                0x000000000000095c                _init
 .init          0x0000000000000960        0x8 /Applications/KDS.app/Contents/toolchain/bin/../lib/gcc/arm-none-eabi/4.8.4/armv7e-m/crtn.o
 *(.fini)
 .fini          0x0000000000000968        0x4 /Applications/KDS.app/Contents/toolchain/bin/../lib/gcc/arm-none-eabi/4.8.4/armv7e-m/crti.o
                0x0000000000000968                _fini
 .fini          0x000000000000096c        0x8 /Applications/KDS.app/Contents/toolchain/bin/../lib/gcc/arm-none-eabi/4.8.4/armv7e-m/crtn.o
                0x0000000000000974                . = ALIGN (0x4)
                0x0000000000000974                _etext = .

.vfp11_veneer   0x0000000000000974        0x0
 .vfp11_veneer  0x0000000000000000        0x0 linker stubs

.v4_bx          0x0000000000000974        0x0
 .v4_bx         0x0000000000000000        0x0 linker stubs

.iplt           0x0000000000000974        0x0
 .iplt          0x0000000000000000        0x0 /Applications/KDS.app/Contents/toolchain/bin/../lib/gcc/arm-none-eabi/4.8.4/armv7e-m/crtbegin.o

.ARM.extab
 *(.ARM.extab* .gnu.linkonce.armextab.*)

.ARM            0x0000000000000974        0x8
                0x0000000000000974                __exidx_start = .
 *(.ARM.exidx*)
 .ARM.exidx     0x0000000000000974        0x8 /Applications/KDS.app/Contents/toolchain/bin/../lib/gcc/arm-none-eabi/4.8.4/../../../../arm-none-eabi/lib/armv7e-m/crt0.o
                0x000000000000097c                __exidx_end = .

.rel.dyn        0x000000000000097c        0x0
 .rel.iplt      0x0000000000000000        0x0 /Applications/KDS.app/Contents/toolchain/bin/../lib/gcc/arm-none-eabi/4.8.4/armv7e-m/crtbegin.o

.ctors          0x000000000000097c        0x0
                0x000000000000097c                __CTOR_LIST__ = .
 *crtbegin.o(.ctors)
 *(EXCLUDE_FILE(*crtend.o) .ctors)
 *(SORT(.ctors.*))
 *(.ctors)
                0x000000000000097c                __CTOR_END__ = .

.dtors          0x000000000000097c        0x0
                0x000000000000097c                __DTOR_LIST__ = .
 *crtbegin.o(.dtors)
 *(EXCLUDE_FILE(*crtend.o) .dtors)
 *(SORT(.dtors.*))
 *(.dtors)
                0x000000000000097c                __DTOR_END__ = .

.preinit_array  0x000000000000097c        0x0
                0x000000000000097c                PROVIDE (__preinit_array_start, .)
 *(.preinit_array*)
                0x000000000000097c                PROVIDE (__preinit_array_end, .)

.init_array     0x000000000000097c        0x4
                0x000000000000097c                PROVIDE (__init_array_start, .)
 *(SORT(.init_array.*))
 *(.init_array*)
 .init_array    0x000000000000097c        0x4 /Applications/KDS.app/Contents/toolchain/bin/../lib/gcc/arm-none-eabi/4.8.4/armv7e-m/crtbegin.o
                0x0000000000000980                PROVIDE (__init_array_end, .)

.fini_array     0x0000000000000980        0x4
                0x0000000000000980                PROVIDE (__fini_array_start, .)
 *(SORT(.fini_array.*))
 *(.fini_array*)
 .fini_array    0x0000000000000980        0x4 /Applications/KDS.app/Contents/toolchain/bin/../lib/gcc/arm-none-eabi/4.8.4/armv7e-m/crtbegin.o
                0x0000000000000984                PROVIDE (__fini_array_end, .)
                0x0000000000000984                ___ROM_AT = .

.data           0x000000001fffe000       0x60 load address 0x0000000000000984
                0x000000001fffe000                . = ALIGN (0x4)
                0x000000001fffe000                _sdata = .
 *(.data)
 *(.data*)
 .data.impure_data
                0x000000001fffe000       0x60 /Applications/KDS.app/Contents/toolchain/bin/../lib/gcc/arm-none-eabi/4.8.4/../../../../arm-none-eabi/lib/armv7e-m/libg_s.a(lib_a-impure.o)
                0x000000001fffe060                . = ALIGN (0x4)
                0x000000001fffe060                _edata = .
                0x0000000000000060                ___data_size = (_edata - _sdata)
                0x00000000000009e4                ___m_data_20000000_ROMStart = (___ROM_AT + SIZEOF (.data))

.jcr            0x000000001fffe060        0x0 load address 0x00000000000009e4
 .jcr           0x000000001fffe060        0x0 /Applications/KDS.app/Contents/toolchain/bin/../lib/gcc/arm-none-eabi/4.8.4/armv7e-m/crtbegin.o

.igot.plt       0x000000001fffe060        0x0 load address 0x00000000000009e4
 .igot.plt      0x0000000000000000        0x0 /Applications/KDS.app/Contents/toolchain/bin/../lib/gcc/arm-none-eabi/4.8.4/armv7e-m/crtbegin.o

.m_data_20000000
                0x0000000020000000        0x0 load address 0x00000000000009e4
                0x0000000020000000                . = ALIGN (0x4)
                0x0000000020000000                ___m_data_20000000_RAMStart = .
 *(.m_data_20000000)
                0x0000000020000000                ___m_data_20000000_RAMEnd = .
                0x0000000020000000                . = ALIGN (0x4)
                0x0000000000000000                ___m_data_20000000_ROMSize = (___m_data_20000000_RAMEnd - ___m_data_20000000_RAMStart)
                0x0000000020000000                . = ALIGN (0x4)

.bss            0x000000001fffe060       0x1c load address 0x00000000000009e4
                0x000000001fffe060                __START_BSS = .
                0x000000001fffe060                PROVIDE (__bss_start__, __START_BSS)
 *(.bss)
 .bss           0x000000001fffe060       0x1c /Applications/KDS.app/Contents/toolchain/bin/../lib/gcc/arm-none-eabi/4.8.4/armv7e-m/crtbegin.o
 *(.bss*)
 *(COMMON)
                0x000000001fffe07c                . = ALIGN (0x4)
                0x000000001fffe07c                __END_BSS = .
                0x000000001fffe07c                PROVIDE (__bss_end__, __END_BSS)
                0x00000000000009e4                _romp_at = ((___ROM_AT + SIZEOF (.data)) + SIZEOF (.m_data_20000000))

.romp           0x000000001fffe07c       0x24 load address 0x00000000000009e4
                0x00000000000009e4                __S_romp = _romp_at
                0x000000001fffe07c        0x4 LONG 0x984 ___ROM_AT
                0x000000001fffe080        0x4 LONG 0x1fffe000 _sdata
                0x000000001fffe084        0x4 LONG 0x60 ___data_size
                0x000000001fffe088        0x4 LONG 0x9e4 ___m_data_20000000_ROMStart
                0x000000001fffe08c        0x4 LONG 0x20000000 ___m_data_20000000_RAMStart
                0x000000001fffe090        0x4 LONG 0x0 ___m_data_20000000_ROMSize
                0x000000001fffe094        0x4 LONG 0x0
                0x000000001fffe098        0x4 LONG 0x0
                0x000000001fffe09c        0x4 LONG 0x0
                0x0000000000020000                text_end = (ORIGIN (m_text) + 0x1fbf0)
                0x0000000000000a08                data_init_end = ((___m_data_20000000_ROMStart + SIZEOF (.m_data_20000000)) + SIZEOF (.romp))
                0x0000000000000001                ASSERT ((data_init_end <= text_end), region m_text overflowed with text and data)

._user_heap_stack
                0x000000001fffe0a0      0x400 load address 0x0000000000000a08
                0x000000001fffe0a0                . = ALIGN (0x4)
                0x000000001fffe0a0                PROVIDE (end, .)
                0x000000001fffe0a0                PROVIDE (_end, .)
                0x000000001fffe0a0                PROVIDE (__end__, .)
                0x000000001fffe0a0                __heap_addr = .
                0x000000001fffe0a0                __HeapBase = .
                0x000000001fffe0a0                . = (. + __heap_size)
                0x000000001fffe0a0                __HeapLimit = .
                0x000000001fffe4a0                . = (. + __stack_size)
 *fill*         0x000000001fffe0a0      0x400 
                0x000000001fffe4a0                . = ALIGN (0x4)

.ARM.attributes
                0x0000000000000000       0x2a
 *(.ARM.attributes)
 .ARM.attributes
                0x0000000000000000       0x1e /Applications/KDS.app/Contents/toolchain/bin/../lib/gcc/arm-none-eabi/4.8.4/armv7e-m/crti.o
 .ARM.attributes
                0x000000000000001e       0x2e /Applications/KDS.app/Contents/toolchain/bin/../lib/gcc/arm-none-eabi/4.8.4/armv7e-m/crtbegin.o
 .ARM.attributes
                0x000000000000004c       0x1c /Applications/KDS.app/Contents/toolchain/bin/../lib/gcc/arm-none-eabi/4.8.4/../../../../arm-none-eabi/lib/armv7e-m/crt0.o
 .ARM.attributes
                0x0000000000000068       0x33 ./Sources/Events.o
 .ARM.attributes
                0x000000000000009b       0x33 ./Sources/main.o
 .ARM.attributes
                0x00000000000000ce       0x33 ./Project_Settings/Startup_Code/startup.o
 .ARM.attributes
                0x0000000000000101       0x33 ./Generated_Code/Cpu.o
 .ARM.attributes
                0x0000000000000134       0x33 ./Generated_Code/Vectors.o
 .ARM.attributes
                0x0000000000000167       0x2e /Applications/KDS.app/Contents/toolchain/bin/../lib/gcc/arm-none-eabi/4.8.4/../../../../arm-none-eabi/lib/armv7e-m/libg_s.a(lib_a-exit.o)
 .ARM.attributes
                0x0000000000000195       0x2e /Applications/KDS.app/Contents/toolchain/bin/../lib/gcc/arm-none-eabi/4.8.4/../../../../arm-none-eabi/lib/armv7e-m/libg_s.a(lib_a-impure.o)
 .ARM.attributes
                0x00000000000001c3       0x2e /Applications/KDS.app/Contents/toolchain/bin/../lib/gcc/arm-none-eabi/4.8.4/../../../../arm-none-eabi/lib/armv7e-m/libg_s.a(lib_a-init.o)
 .ARM.attributes
                0x00000000000001f1       0x2e /Applications/KDS.app/Contents/toolchain/bin/../lib/gcc/arm-none-eabi/4.8.4/../../../../arm-none-eabi/lib/armv7e-m/libg_s.a(lib_a-memset.o)
 .ARM.attributes
                0x000000000000021f       0x2e /Applications/KDS.app/Contents/toolchain/bin/../lib/gcc/arm-none-eabi/4.8.4/../../../../arm-none-eabi/lib/armv7e-m/libnosys.a(_exit.o)
 .ARM.attributes
                0x000000000000024d       0x1e /Applications/KDS.app/Contents/toolchain/bin/../lib/gcc/arm-none-eabi/4.8.4/armv7e-m/crtn.o
OUTPUT(KillMe_Remote.elf elf32-littlearm)

.debug_info     0x0000000000000000      0xe31
 .debug_info    0x0000000000000000       0x96 ./Sources/Events.o
 .debug_info    0x0000000000000096       0x9a ./Sources/main.o
 .debug_info    0x0000000000000130      0x20a ./Project_Settings/Startup_Code/startup.o
 .debug_info    0x000000000000033a      0x9e9 ./Generated_Code/Cpu.o
 .debug_info    0x0000000000000d23      0x10e ./Generated_Code/Vectors.o

.debug_abbrev   0x0000000000000000      0x3c6
 .debug_abbrev  0x0000000000000000       0x45 ./Sources/Events.o
 .debug_abbrev  0x0000000000000045       0x47 ./Sources/main.o
 .debug_abbrev  0x000000000000008c      0x11e ./Project_Settings/Startup_Code/startup.o
 .debug_abbrev  0x00000000000001aa      0x178 ./Generated_Code/Cpu.o
 .debug_abbrev  0x0000000000000322       0xa4 ./Generated_Code/Vectors.o

.debug_aranges  0x0000000000000000       0xe8
 .debug_aranges
                0x0000000000000000       0x20 ./Sources/Events.o
 .debug_aranges
                0x0000000000000020       0x20 ./Sources/main.o
 .debug_aranges
                0x0000000000000040       0x50 ./Project_Settings/Startup_Code/startup.o
 .debug_aranges
                0x0000000000000090       0x40 ./Generated_Code/Cpu.o
 .debug_aranges
                0x00000000000000d0       0x18 ./Generated_Code/Vectors.o

.debug_ranges   0x0000000000000000       0x90
 .debug_ranges  0x0000000000000000       0x10 ./Sources/Events.o
 .debug_ranges  0x0000000000000010       0x10 ./Sources/main.o
 .debug_ranges  0x0000000000000020       0x40 ./Project_Settings/Startup_Code/startup.o
 .debug_ranges  0x0000000000000060       0x30 ./Generated_Code/Cpu.o

.debug_macro    0x0000000000000000    0x16905
 .debug_macro   0x0000000000000000       0x9f ./Sources/Events.o
 .debug_macro   0x000000000000009f      0x84a ./Sources/Events.o
 .debug_macro   0x00000000000008e9       0x16 ./Sources/Events.o
 .debug_macro   0x00000000000008ff       0x44 ./Sources/Events.o
 .debug_macro   0x0000000000000943      0x209 ./Sources/Events.o
 .debug_macro   0x0000000000000b4c     0x1656 ./Sources/Events.o
 .debug_macro   0x00000000000021a2      0x14e ./Sources/Events.o
 .debug_macro   0x00000000000022f0       0x6a ./Sources/Events.o
 .debug_macro   0x000000000000235a     0x9b9f ./Sources/Events.o
 .debug_macro   0x000000000000bef9       0x94 ./Sources/Events.o
 .debug_macro   0x000000000000bf8d       0x9f ./Sources/main.o
 .debug_macro   0x000000000000c02c      0x121 ./Project_Settings/Startup_Code/startup.o
 .debug_macro   0x000000000000c14d       0x58 ./Project_Settings/Startup_Code/startup.o
 .debug_macro   0x000000000000c1a5       0x35 ./Project_Settings/Startup_Code/startup.o
 .debug_macro   0x000000000000c1da       0xa3 ./Project_Settings/Startup_Code/startup.o
 .debug_macro   0x000000000000c27d      0x166 ./Project_Settings/Startup_Code/startup.o
 .debug_macro   0x000000000000c3e3       0x4a ./Project_Settings/Startup_Code/startup.o
 .debug_macro   0x000000000000c42d       0x52 ./Project_Settings/Startup_Code/startup.o
 .debug_macro   0x000000000000c47f       0x16 ./Project_Settings/Startup_Code/startup.o
 .debug_macro   0x000000000000c495       0x43 ./Project_Settings/Startup_Code/startup.o
 .debug_macro   0x000000000000c4d8      0x180 ./Project_Settings/Startup_Code/startup.o
 .debug_macro   0x000000000000c658      0x2a6 ./Project_Settings/Startup_Code/startup.o
 .debug_macro   0x000000000000c8fe       0x10 ./Project_Settings/Startup_Code/startup.o
 .debug_macro   0x000000000000c90e       0x35 ./Project_Settings/Startup_Code/startup.o
 .debug_macro   0x000000000000c943       0x16 ./Project_Settings/Startup_Code/startup.o
 .debug_macro   0x000000000000c959       0x22 ./Project_Settings/Startup_Code/startup.o
 .debug_macro   0x000000000000c97b       0x10 ./Project_Settings/Startup_Code/startup.o
 .debug_macro   0x000000000000c98b      0x20f ./Project_Settings/Startup_Code/startup.o
 .debug_macro   0x000000000000cb9a     0x9b93 ./Project_Settings/Startup_Code/startup.o
 .debug_macro   0x000000000001672d       0x9f ./Generated_Code/Cpu.o
 .debug_macro   0x00000000000167cc       0x9a ./Generated_Code/Cpu.o
 .debug_macro   0x0000000000016866       0x9f ./Generated_Code/Vectors.o

.debug_line     0x0000000000000000     0x1014
 .debug_line    0x0000000000000000      0x299 ./Sources/Events.o
 .debug_line    0x0000000000000299      0x29e ./Sources/main.o
 .debug_line    0x0000000000000537      0x432 ./Project_Settings/Startup_Code/startup.o
 .debug_line    0x0000000000000969      0x396 ./Generated_Code/Cpu.o
 .debug_line    0x0000000000000cff      0x315 ./Generated_Code/Vectors.o

.debug_str      0x0000000000000000    0x415a0
 .debug_str     0x0000000000000000    0x3ebc3 ./Sources/Events.o
                                      0x3ed0d (size before relaxing)
 .debug_str     0x000000000003ebc3       0x17 ./Sources/main.o
                                      0x3ed03 (size before relaxing)
 .debug_str     0x000000000003ebda     0x25f6 ./Project_Settings/Startup_Code/startup.o
                                      0x3a1ee (size before relaxing)
 .debug_str     0x00000000000411d0      0x3b4 ./Generated_Code/Cpu.o
                                      0x3f0ca (size before relaxing)
 .debug_str     0x0000000000041584       0x1c ./Generated_Code/Vectors.o
                                      0x3ed55 (size before relaxing)

.comment        0x0000000000000000       0x70
 .comment       0x0000000000000000       0x70 ./Sources/Events.o
                                         0x71 (size before relaxing)
 .comment       0x0000000000000000       0x71 ./Sources/main.o
 .comment       0x0000000000000000       0x71 ./Project_Settings/Startup_Code/startup.o
 .comment       0x0000000000000000       0x71 ./Generated_Code/Cpu.o
 .comment       0x0000000000000000       0x71 ./Generated_Code/Vectors.o

.debug_frame    0x0000000000000000      0x24c
 .debug_frame   0x0000000000000000       0x28 ./Sources/Events.o
 .debug_frame   0x0000000000000028       0x2c ./Sources/main.o
 .debug_frame   0x0000000000000054       0xc0 ./Project_Settings/Startup_Code/startup.o
 .debug_frame   0x0000000000000114       0xa4 ./Generated_Code/Cpu.o
 .debug_frame   0x00000000000001b8       0x28 /Applications/KDS.app/Contents/toolchain/bin/../lib/gcc/arm-none-eabi/4.8.4/../../../../arm-none-eabi/lib/armv7e-m/libg_s.a(lib_a-exit.o)
 .debug_frame   0x00000000000001e0       0x2c /Applications/KDS.app/Contents/toolchain/bin/../lib/gcc/arm-none-eabi/4.8.4/../../../../arm-none-eabi/lib/armv7e-m/libg_s.a(lib_a-init.o)
 .debug_frame   0x000000000000020c       0x20 /Applications/KDS.app/Contents/toolchain/bin/../lib/gcc/arm-none-eabi/4.8.4/../../../../arm-none-eabi/lib/armv7e-m/libg_s.a(lib_a-memset.o)
 .debug_frame   0x000000000000022c       0x20 /Applications/KDS.app/Contents/toolchain/bin/../lib/gcc/arm-none-eabi/4.8.4/../../../../arm-none-eabi/lib/armv7e-m/libnosys.a(_exit.o)
