Archive member included because of file (symbol)

c:/freescale/kds_v3/toolchain/bin/../lib/gcc/arm-none-eabi/4.8.4/armv7e-m/fpu\libgcc.a(_aeabi_ldivmod.o)
                              ./Generated_Code/UTIL1.o (__aeabi_ldivmod)
c:/freescale/kds_v3/toolchain/bin/../lib/gcc/arm-none-eabi/4.8.4/armv7e-m/fpu\libgcc.a(_aeabi_uldivmod.o)
                              ./Generated_Code/XF1.o (__aeabi_uldivmod)
c:/freescale/kds_v3/toolchain/bin/../lib/gcc/arm-none-eabi/4.8.4/armv7e-m/fpu\libgcc.a(bpabi.o)
                              c:/freescale/kds_v3/toolchain/bin/../lib/gcc/arm-none-eabi/4.8.4/armv7e-m/fpu\libgcc.a(_aeabi_ldivmod.o) (__gnu_ldivmod_helper)
c:/freescale/kds_v3/toolchain/bin/../lib/gcc/arm-none-eabi/4.8.4/armv7e-m/fpu\libgcc.a(_dvmd_tls.o)
                              c:/freescale/kds_v3/toolchain/bin/../lib/gcc/arm-none-eabi/4.8.4/armv7e-m/fpu\libgcc.a(_aeabi_ldivmod.o) (__aeabi_ldiv0)
c:/freescale/kds_v3/toolchain/bin/../lib/gcc/arm-none-eabi/4.8.4/armv7e-m/fpu\libgcc.a(_divdi3.o)
                              c:/freescale/kds_v3/toolchain/bin/../lib/gcc/arm-none-eabi/4.8.4/armv7e-m/fpu\libgcc.a(bpabi.o) (__divdi3)
c:/freescale/kds_v3/toolchain/bin/../lib/gcc/arm-none-eabi/4.8.4/armv7e-m/fpu\libgcc.a(_udivdi3.o)
                              c:/freescale/kds_v3/toolchain/bin/../lib/gcc/arm-none-eabi/4.8.4/armv7e-m/fpu\libgcc.a(bpabi.o) (__udivdi3)
c:/freescale/kds_v3/toolchain/bin/../lib/gcc/arm-none-eabi/4.8.4/../../../../arm-none-eabi/lib/armv7e-m/fpu\libg_s.a(lib_a-exit.o)
                              c:/freescale/kds_v3/toolchain/bin/../lib/gcc/arm-none-eabi/4.8.4/../../../../arm-none-eabi/lib/armv7e-m/fpu/crt0.o (exit)
c:/freescale/kds_v3/toolchain/bin/../lib/gcc/arm-none-eabi/4.8.4/../../../../arm-none-eabi/lib/armv7e-m/fpu\libg_s.a(lib_a-impure.o)
                              c:/freescale/kds_v3/toolchain/bin/../lib/gcc/arm-none-eabi/4.8.4/../../../../arm-none-eabi/lib/armv7e-m/fpu\libg_s.a(lib_a-exit.o) (_global_impure_ptr)
c:/freescale/kds_v3/toolchain/bin/../lib/gcc/arm-none-eabi/4.8.4/../../../../arm-none-eabi/lib/armv7e-m/fpu\libg_s.a(lib_a-init.o)
                              c:/freescale/kds_v3/toolchain/bin/../lib/gcc/arm-none-eabi/4.8.4/../../../../arm-none-eabi/lib/armv7e-m/fpu/crt0.o (__libc_init_array)
c:/freescale/kds_v3/toolchain/bin/../lib/gcc/arm-none-eabi/4.8.4/../../../../arm-none-eabi/lib/armv7e-m/fpu\libg_s.a(lib_a-memcpy-stub.o)
                              ./Generated_Code/IFsh1.o (memcpy)
c:/freescale/kds_v3/toolchain/bin/../lib/gcc/arm-none-eabi/4.8.4/../../../../arm-none-eabi/lib/armv7e-m/fpu\libg_s.a(lib_a-memset.o)
                              c:/freescale/kds_v3/toolchain/bin/../lib/gcc/arm-none-eabi/4.8.4/../../../../arm-none-eabi/lib/armv7e-m/fpu/crt0.o (memset)
c:/freescale/kds_v3/toolchain/bin/../lib/gcc/arm-none-eabi/4.8.4/../../../../arm-none-eabi/lib/armv7e-m/fpu\libg_s.a(lib_a-rand.o)
                              ./Generated_Code/UTIL1.o (srand)
c:/freescale/kds_v3/toolchain/bin/../lib/gcc/arm-none-eabi/4.8.4/../../../../arm-none-eabi/lib/armv7e-m/fpu\libg_s.a(lib_a-strchr.o)
                              ./Generated_Code/UTIL1.o (strchr)
c:/freescale/kds_v3/toolchain/bin/../lib/gcc/arm-none-eabi/4.8.4/../../../../arm-none-eabi/lib/armv7e-m/fpu\libg_s.a(lib_a-strcmp.o)
                              ./Generated_Code/CLS1.o (strcmp)
c:/freescale/kds_v3/toolchain/bin/../lib/gcc/arm-none-eabi/4.8.4/../../../../arm-none-eabi/lib/armv7e-m/fpu\libg_s.a(lib_a-strlen.o)
                              ./Generated_Code/CLS1.o (strlen)
c:/freescale/kds_v3/toolchain/bin/../lib/gcc/arm-none-eabi/4.8.4/../../../../arm-none-eabi/lib/armv7e-m/fpu\libg_s.a(lib_a-strncmp.o)
                              ./Generated_Code/TmDt1.o (strncmp)
c:/freescale/kds_v3/toolchain/bin/../lib/gcc/arm-none-eabi/4.8.4/../../../../arm-none-eabi/lib/armv7e-m/fpu\libg_s.a(lib_a-malloc.o)
                              c:/freescale/kds_v3/toolchain/bin/../lib/gcc/arm-none-eabi/4.8.4/../../../../arm-none-eabi/lib/armv7e-m/fpu\libg_s.a(lib_a-rand.o) (malloc)
c:/freescale/kds_v3/toolchain/bin/../lib/gcc/arm-none-eabi/4.8.4/../../../../arm-none-eabi/lib/armv7e-m/fpu\libg_s.a(lib_a-nano-freer.o)
                              c:/freescale/kds_v3/toolchain/bin/../lib/gcc/arm-none-eabi/4.8.4/../../../../arm-none-eabi/lib/armv7e-m/fpu\libg_s.a(lib_a-malloc.o) (_free_r)
c:/freescale/kds_v3/toolchain/bin/../lib/gcc/arm-none-eabi/4.8.4/../../../../arm-none-eabi/lib/armv7e-m/fpu\libg_s.a(lib_a-nano-mallocr.o)
                              c:/freescale/kds_v3/toolchain/bin/../lib/gcc/arm-none-eabi/4.8.4/../../../../arm-none-eabi/lib/armv7e-m/fpu\libg_s.a(lib_a-malloc.o) (_malloc_r)
c:/freescale/kds_v3/toolchain/bin/../lib/gcc/arm-none-eabi/4.8.4/../../../../arm-none-eabi/lib/armv7e-m/fpu\libg_s.a(lib_a-sbrkr.o)
                              c:/freescale/kds_v3/toolchain/bin/../lib/gcc/arm-none-eabi/4.8.4/../../../../arm-none-eabi/lib/armv7e-m/fpu\libg_s.a(lib_a-nano-mallocr.o) (_sbrk_r)
[...]
Memory Configuration

Name             Origin             Length             Attributes
m_interrupts     0x00000000         0x00000188         xr
m_text           0x00000410         0x0007fbf0         xr
m_text_10000000  0x10000000         0x00020000         xr
m_data           0x1fff8000         0x00008000         rw
m_data_20000000  0x20000000         0x00008000         rw
m_cfmprotrom     0x00000400         0x00000010         xr
*default*        0x00000000         0xffffffff

Linker script and memory map

LOAD c:/freescale/kds_v3/toolchain/bin/../lib/gcc/arm-none-eabi/4.8.4/armv7e-m/fpu/crti.o
LOAD c:/freescale/kds_v3/toolchain/bin/../lib/gcc/arm-none-eabi/4.8.4/armv7e-m/fpu/crtbegin.o
LOAD c:/freescale/kds_v3/toolchain/bin/../lib/gcc/arm-none-eabi/4.8.4/../../../../arm-none-eabi/lib/armv7e-m/fpu/crt0.o
LOAD ./Sources/TEAM_Common/Application.o
LOAD ./Sources/TEAM_Common/Battery.o
LOAD ./Sources/TEAM_Common/Buzzer.o
LOAD ./Sources/TEAM_Common/Debounce.o
LOAD ./Sources/TEAM_Common/Distance.o
LOAD ./Sources/TEAM_Common/Drive.o
LOAD ./Sources/TEAM_Common/Event.o
LOAD ./Sources/TEAM_Common/KeyDebounce.o
LOAD ./Sources/TEAM_Common/Keys.o
LOAD ./Sources/TEAM_Common/LCD.o
LOAD ./Sources/TEAM_Common/LCDMenu.o
LOAD ./Sources/TEAM_Common/LED.o
LOAD ./Sources/TEAM_Common/LineFollow.o
LOAD ./Sources/TEAM_Common/MCP4728.o
LOAD ./Sources/TEAM_Common/Maze.o
LOAD ./Sources/TEAM_Common/Motor.o
LOAD ./Sources/TEAM_Common/NVM_Config.o
LOAD ./Sources/TEAM_Common/Pid.o
LOAD ./Sources/TEAM_Common/Platform.o
LOAD ./Sources/TEAM_Common/QuadCalib.o
LOAD ./Sources/TEAM_Common/RNet_App.o
LOAD ./Sources/TEAM_Common/RTOS.o
LOAD ./Sources/TEAM_Common/Reflectance.o
LOAD ./Sources/TEAM_Common/Remote.o
LOAD ./Sources/TEAM_Common/Sem.o
LOAD ./Sources/TEAM_Common/Shell.o
LOAD ./Sources/TEAM_Common/ShellQueue.o
LOAD ./Sources/TEAM_Common/Snake.o
LOAD ./Sources/TEAM_Common/Sumo.o
LOAD ./Sources/TEAM_Common/Tacho.o
LOAD ./Sources/TEAM_Common/Timer.o
LOAD ./Sources/TEAM_Common/Trigger.o
LOAD ./Sources/TEAM_Common/Turn.o
LOAD ./Sources/TEAM_Common/VL6180X.o
LOAD ./Sources/Events.o
LOAD ./Sources/main.o
LOAD ./Project_Settings/Startup_Code/startup.o
LOAD ./Generated_Code/ADC_Bat.o
LOAD ./Generated_Code/BUZ1.o
LOAD ./Generated_Code/BitIoLdd1.o
LOAD ./Generated_Code/BitIoLdd10.o
LOAD ./Generated_Code/BitIoLdd11.o
LOAD ./Generated_Code/BitIoLdd12.o
LOAD ./Generated_Code/BitIoLdd13.o
LOAD ./Generated_Code/BitIoLdd16.o
LOAD ./Generated_Code/BitIoLdd17.o
LOAD ./Generated_Code/BitIoLdd18.o
LOAD ./Generated_Code/BitIoLdd19.o
LOAD ./Generated_Code/BitIoLdd2.o
LOAD ./Generated_Code/BitIoLdd3.o
LOAD ./Generated_Code/BitIoLdd4.o
LOAD ./Generated_Code/BitIoLdd5.o
LOAD ./Generated_Code/BitIoLdd6.o
LOAD ./Generated_Code/BitIoLdd7.o
LOAD ./Generated_Code/BitIoLdd8.o
LOAD ./Generated_Code/BitIoLdd9.o
LOAD ./Generated_Code/C12.o
LOAD ./Generated_Code/C13.o
LOAD ./Generated_Code/C23.o
LOAD ./Generated_Code/C25.o
LOAD ./Generated_Code/CDC1.o
LOAD ./Generated_Code/CLS1.o
LOAD ./Generated_Code/CS1.o
LOAD ./Generated_Code/Cpu.o
LOAD ./Generated_Code/DIRL.o
LOAD ./Generated_Code/DIRR.o
LOAD ./Generated_Code/HF1.o
LOAD ./Generated_Code/IFsh1.o
LOAD ./Generated_Code/IR1.o
LOAD ./Generated_Code/IR2.o
LOAD ./Generated_Code/IR3.o
LOAD ./Generated_Code/IR4.o
LOAD ./Generated_Code/IR5.o
LOAD ./Generated_Code/IR6.o
LOAD ./Generated_Code/IntFlashLdd1.o
LOAD ./Generated_Code/KIN1.o
LOAD ./Generated_Code/LEDPin1.o
LOAD ./Generated_Code/LEDPin2.o
LOAD ./Generated_Code/LED_IR.o
LOAD ./Generated_Code/LEDpin3.o
LOAD ./Generated_Code/MCUC1.o
LOAD ./Generated_Code/MOTTU.o
LOAD ./Generated_Code/PE_LDD.o
LOAD ./Generated_Code/PWML.o
LOAD ./Generated_Code/PWMR.o
LOAD ./Generated_Code/PwmLdd2.o
LOAD ./Generated_Code/PwmLdd3.o
LOAD ./Generated_Code/Q4CLeft.o
LOAD ./Generated_Code/Q4CRight.o
LOAD ./Generated_Code/QuadInt.o
LOAD ./Generated_Code/RTT1.o
LOAD ./Generated_Code/RTT_Syscalls_GCC.o
LOAD ./Generated_Code/RefCnt.o
LOAD ./Generated_Code/Rx1.o
LOAD ./Generated_Code/SEGGER_RTT.o
LOAD ./Generated_Code/SEGGER_RTT_printf.o
LOAD ./Generated_Code/SW1.o
LOAD ./Generated_Code/TMOUT1.o
LOAD ./Generated_Code/TU_QuadInt.o
LOAD ./Generated_Code/TimerIntLdd2.o
LOAD ./Generated_Code/TmDt1.o
LOAD ./Generated_Code/Tx1.o
LOAD ./Generated_Code/USB0.o
LOAD ./Generated_Code/USB1.o
LOAD ./Generated_Code/UTIL1.o
LOAD ./Generated_Code/Vectors.o
LOAD ./Generated_Code/WAIT1.o
LOAD ./Generated_Code/XF1.o
LOAD ./Generated_Code/usb_cdc.o
LOAD ./Generated_Code/usb_cdc_pstn.o
LOAD ./Generated_Code/usb_class.o
LOAD ./Generated_Code/usb_dci_kinetis.o
LOAD ./Generated_Code/usb_descriptor.o
LOAD ./Generated_Code/usb_driver.o
LOAD ./Generated_Code/usb_framework.o
LOAD ./Generated_Code/wdt_kinetis.o
LOAD c:/freescale/kds_v3/toolchain/bin/../lib/gcc/arm-none-eabi/4.8.4/../../../../arm-none-eabi/lib/armv7e-m/fpu\libstdc++_s.a
LOAD c:/freescale/kds_v3/toolchain/bin/../lib/gcc/arm-none-eabi/4.8.4/../../../../arm-none-eabi/lib/armv7e-m/fpu\libm.a
START GROUP
LOAD c:/freescale/kds_v3/toolchain/bin/../lib/gcc/arm-none-eabi/4.8.4/armv7e-m/fpu\libgcc.a
LOAD c:/freescale/kds_v3/toolchain/bin/../lib/gcc/arm-none-eabi/4.8.4/../../../../arm-none-eabi/lib/armv7e-m/fpu\libg_s.a
LOAD c:/freescale/kds_v3/toolchain/bin/../lib/gcc/arm-none-eabi/4.8.4/../../../../arm-none-eabi/lib/armv7e-m/fpu\libc_s.a
END GROUP
START GROUP
LOAD c:/freescale/kds_v3/toolchain/bin/../lib/gcc/arm-none-eabi/4.8.4/armv7e-m/fpu\libgcc.a
LOAD c:/freescale/kds_v3/toolchain/bin/../lib/gcc/arm-none-eabi/4.8.4/../../../../arm-none-eabi/lib/armv7e-m/fpu\libc_s.a
LOAD c:/freescale/kds_v3/toolchain/bin/../lib/gcc/arm-none-eabi/4.8.4/../../../../arm-none-eabi/lib/armv7e-m/fpu\libnosys.a
END GROUP
START GROUP
LOAD c:/freescale/kds_v3/toolchain/bin/../lib/gcc/arm-none-eabi/4.8.4/armv7e-m/fpu\libgcc.a
LOAD c:/freescale/kds_v3/toolchain/bin/../lib/gcc/arm-none-eabi/4.8.4/../../../../arm-none-eabi/lib/armv7e-m/fpu\libc_s.a
LOAD c:/freescale/kds_v3/toolchain/bin/../lib/gcc/arm-none-eabi/4.8.4/../../../../arm-none-eabi/lib/armv7e-m/fpu\libnosys.a
END GROUP
LOAD c:/freescale/kds_v3/toolchain/bin/../lib/gcc/arm-none-eabi/4.8.4/armv7e-m/fpu/crtend.o
LOAD c:/freescale/kds_v3/toolchain/bin/../lib/gcc/arm-none-eabi/4.8.4/armv7e-m/fpu/crtn.o
                0x20000000                _estack = 0x20000000
                0x20000000                __SP_INIT = _estack
                0x20000000                __stack = _estack
                0x00000000                __heap_size = 0x0
                0x00000400                __stack_size = 0x400

.interrupts     0x00000000      0x188
                0x00000000                __vector_table = .
                0x00000000                . = ALIGN (0x4)
 *(.vectortable)
 .vectortable   0x00000000      0x188 ./Generated_Code/Vectors.o
                0x00000000                __vect_table
                0x00000188                . = ALIGN (0x4)

.cfmprotect     0x00000400       0x10
                0x00000400                . = ALIGN (0x4)
 *(.cfmconfig)
 .cfmconfig     0x00000400       0x10 ./Generated_Code/Cpu.o
                0x00000400                _cfm
                0x00000410                . = ALIGN (0x4)

.text           0x00000410     0x548c
                0x00000410                . = ALIGN (0x4)
 *(.text)
 .text          0x00000410       0x54 c:/freescale/kds_v3/toolchain/bin/../lib/gcc/arm-none-eabi/4.8.4/armv7e-m/fpu/crtbegin.o
 .text          0x00000464       0x74 c:/freescale/kds_v3/toolchain/bin/../lib/gcc/arm-none-eabi/4.8.4/../../../../arm-none-eabi/lib/armv7e-m/fpu/crt0.o
                0x00000464                _start
                0x00000464                _mainCRTStartup
 *(.text*)
 .text.APP_AdoptToHardware
                0x000004d8       0x20 ./Sources/TEAM_Common/Application.o
 .text.APP_Start
                0x000004f8       0x10 ./Sources/TEAM_Common/Application.o
                0x000004f8                APP_Start
 .text.PL_Init  0x00000508        0xc ./Sources/TEAM_Common/Platform.o
                0x00000508                PL_Init
 .text.Cpu_OnNMIINT
                0x00000514        0xc ./Sources/Events.o
                0x00000514                Cpu_OnNMIINT
 .text.QuadInt_OnInterrupt
                0x00000520        0xc ./Sources/Events.o
                0x00000520                QuadInt_OnInterrupt
 .text.main     0x0000052c       0x10 ./Sources/main.o
                0x0000052c                main
 .text.__copy_rom_section
                0x0000053c       0xe4 ./Project_Settings/Startup_Code/startup.o
 .text.__copy_rom_sections_to_ram
                0x00000620       0x9c ./Project_Settings/Startup_Code/startup.o
 .text.__init_registers
                0x000006bc       0x20 ./Project_Settings/Startup_Code/startup.o
                0x000006bc                __init_registers
 .text.__init_user
                0x000006dc        0xc ./Project_Settings/Startup_Code/startup.o
                0x000006dc                __init_user
 .text.__thumb_startup
                0x000006e8       0x34 ./Project_Settings/Startup_Code/startup.o
                0x000006e8                __thumb_startup
 .text.ADC_Bat_Init
                0x0000071c       0x74 ./Generated_Code/ADC_Bat.o
                0x0000071c                ADC_Bat_Init
 .text.BitIoLdd1_Init
                0x00000790       0x64 ./Generated_Code/BitIoLdd1.o
                0x00000790                BitIoLdd1_Init
 .text.BitIoLdd10_Init
                0x000007f4       0x64 ./Generated_Code/BitIoLdd10.o
                0x000007f4                BitIoLdd10_Init
 .text.BitIoLdd11_Init
                0x00000858       0x64 ./Generated_Code/BitIoLdd11.o
                0x00000858                BitIoLdd11_Init
 .text.BitIoLdd12_Init
                0x000008bc       0x64 ./Generated_Code/BitIoLdd12.o
                0x000008bc                BitIoLdd12_Init
 .text.BitIoLdd13_Init
                0x00000920       0x64 ./Generated_Code/BitIoLdd13.o
                0x00000920                BitIoLdd13_Init
 .text.BitIoLdd16_Init
                0x00000984       0x58 ./Generated_Code/BitIoLdd16.o
                0x00000984                BitIoLdd16_Init
 .text.BitIoLdd16_GetVal
                0x000009dc       0x30 ./Generated_Code/BitIoLdd16.o
                0x000009dc                BitIoLdd16_GetVal
 .text.BitIoLdd17_Init
                0x00000a0c       0x58 ./Generated_Code/BitIoLdd17.o
                0x00000a0c                BitIoLdd17_Init
 .text.BitIoLdd17_GetVal
                0x00000a64       0x30 ./Generated_Code/BitIoLdd17.o
                0x00000a64                BitIoLdd17_GetVal
 .text.BitIoLdd18_Init
                0x00000a94       0x58 ./Generated_Code/BitIoLdd18.o
                0x00000a94                BitIoLdd18_Init
 .text.BitIoLdd18_GetVal
                0x00000aec       0x30 ./Generated_Code/BitIoLdd18.o
                0x00000aec                BitIoLdd18_GetVal
 .text.BitIoLdd19_Init
                0x00000b1c       0x58 ./Generated_Code/BitIoLdd19.o
                0x00000b1c                BitIoLdd19_Init
 .text.BitIoLdd19_GetVal
                0x00000b74       0x30 ./Generated_Code/BitIoLdd19.o
                0x00000b74                BitIoLdd19_GetVal
 .text.BitIoLdd2_Init
                0x00000ba4       0x64 ./Generated_Code/BitIoLdd2.o
                0x00000ba4                BitIoLdd2_Init
 .text.BitIoLdd3_Init
                0x00000c08       0x58 ./Generated_Code/BitIoLdd3.o
                0x00000c08                BitIoLdd3_Init
 .text.BitIoLdd4_Init
                0x00000c60       0x64 ./Generated_Code/BitIoLdd4.o
                0x00000c60                BitIoLdd4_Init
 .text.BitIoLdd5_Init
                0x00000cc4       0x64 ./Generated_Code/BitIoLdd5.o
                0x00000cc4                BitIoLdd5_Init
 .text.BitIoLdd5_ClrVal
                0x00000d28       0x1c ./Generated_Code/BitIoLdd5.o
                0x00000d28                BitIoLdd5_ClrVal
 .text.BitIoLdd6_Init
                0x00000d44       0x64 ./Generated_Code/BitIoLdd6.o
                0x00000d44                BitIoLdd6_Init
 .text.BitIoLdd7_Init
                0x00000da8       0x64 ./Generated_Code/BitIoLdd7.o
                0x00000da8                BitIoLdd7_Init
 .text.BitIoLdd8_Init
                0x00000e0c       0x64 ./Generated_Code/BitIoLdd8.o
                0x00000e0c                BitIoLdd8_Init
 .text.BitIoLdd9_Init
                0x00000e70       0x64 ./Generated_Code/BitIoLdd9.o
                0x00000e70                BitIoLdd9_Init
 .text.CDC1_App_Callback
                0x00000ed4       0xc8 ./Generated_Code/CDC1.o
                0x00000ed4                CDC1_App_Callback
 .text.CDC1_Notify_Callback
                0x00000f9c       0x4c ./Generated_Code/CDC1.o
                0x00000f9c                CDC1_Notify_Callback
 .text.CDC1_Init
                0x00000fe8       0x5c ./Generated_Code/CDC1.o
                0x00000fe8                CDC1_Init
 .text.CLS1_Init
                0x00001044        0xc ./Generated_Code/CLS1.o
                0x00001044                CLS1_Init
 .text.CS1_Init
                0x00001050        0xc ./Generated_Code/CS1.o
                0x00001050                CS1_Init
 .text.Cpu_INT_NMIInterrupt
                0x0000105c       0x1c ./Generated_Code/Cpu.o
                0x0000105c                Cpu_INT_NMIInterrupt
 .text.Cpu_ivINT_Mem_Manage_Fault
                0x00001078       0x18 ./Generated_Code/Cpu.o
                0x00001078                Cpu_ivINT_Mem_Manage_Fault
 .text.Cpu_ivINT_Bus_Fault
                0x00001090       0x18 ./Generated_Code/Cpu.o
                0x00001090                Cpu_ivINT_Bus_Fault
 .text.Cpu_ivINT_Usage_Fault
                0x000010a8       0x18 ./Generated_Code/Cpu.o
                0x000010a8                Cpu_ivINT_Usage_Fault
 .text.Cpu_ivINT_Reserved7
                0x000010c0       0x18 ./Generated_Code/Cpu.o
                0x000010c0                Cpu_ivINT_Reserved7
 .text.Cpu_ivINT_Reserved8
                0x000010d8       0x18 ./Generated_Code/Cpu.o
                0x000010d8                Cpu_ivINT_Reserved8
 .text.Cpu_ivINT_Reserved9
                0x000010f0       0x18 ./Generated_Code/Cpu.o
                0x000010f0                Cpu_ivINT_Reserved9
 .text.Cpu_ivINT_Reserved10
                0x00001108       0x18 ./Generated_Code/Cpu.o
                0x00001108                Cpu_ivINT_Reserved10
 .text.Cpu_ivINT_SVCall
                0x00001120       0x18 ./Generated_Code/Cpu.o
                0x00001120                Cpu_ivINT_SVCall
 .text.Cpu_ivINT_DebugMonitor
                0x00001138       0x18 ./Generated_Code/Cpu.o
                0x00001138                Cpu_ivINT_DebugMonitor
 .text.Cpu_ivINT_Reserved13
                0x00001150       0x18 ./Generated_Code/Cpu.o
                0x00001150                Cpu_ivINT_Reserved13
 .text.Cpu_ivINT_PendableSrvReq
                0x00001168       0x18 ./Generated_Code/Cpu.o
                0x00001168                Cpu_ivINT_PendableSrvReq
 .text.Cpu_ivINT_SysTick
                0x00001180       0x18 ./Generated_Code/Cpu.o
                0x00001180                Cpu_ivINT_SysTick
 .text.Cpu_ivINT_DMA0
                0x00001198       0x18 ./Generated_Code/Cpu.o
                0x00001198                Cpu_ivINT_DMA0
 .text.Cpu_ivINT_DMA1
                0x000011b0       0x18 ./Generated_Code/Cpu.o
                0x000011b0                Cpu_ivINT_DMA1
 .text.Cpu_ivINT_DMA2
                0x000011c8       0x18 ./Generated_Code/Cpu.o
                0x000011c8                Cpu_ivINT_DMA2
 .text.Cpu_ivINT_DMA3
                0x000011e0       0x18 ./Generated_Code/Cpu.o
                0x000011e0                Cpu_ivINT_DMA3
 .text.Cpu_ivINT_DMA4
                0x000011f8       0x18 ./Generated_Code/Cpu.o
                0x000011f8                Cpu_ivINT_DMA4
 .text.Cpu_ivINT_DMA5
                0x00001210       0x18 ./Generated_Code/Cpu.o
                0x00001210                Cpu_ivINT_DMA5
 .text.Cpu_ivINT_DMA6
                0x00001228       0x18 ./Generated_Code/Cpu.o
                0x00001228                Cpu_ivINT_DMA6
 .text.Cpu_ivINT_DMA7
                0x00001240       0x18 ./Generated_Code/Cpu.o
                0x00001240                Cpu_ivINT_DMA7
 .text.Cpu_ivINT_DMA8
                0x00001258       0x18 ./Generated_Code/Cpu.o
                0x00001258                Cpu_ivINT_DMA8
 .text.Cpu_ivINT_DMA9
                0x00001270       0x18 ./Generated_Code/Cpu.o
                0x00001270                Cpu_ivINT_DMA9
 .text.Cpu_ivINT_DMA10
                0x00001288       0x18 ./Generated_Code/Cpu.o
                0x00001288                Cpu_ivINT_DMA10
 .text.Cpu_ivINT_DMA11
                0x000012a0       0x18 ./Generated_Code/Cpu.o
                0x000012a0                Cpu_ivINT_DMA11
 .text.Cpu_ivINT_DMA12
                0x000012b8       0x18 ./Generated_Code/Cpu.o
                0x000012b8                Cpu_ivINT_DMA12
 .text.Cpu_ivINT_DMA13
                0x000012d0       0x18 ./Generated_Code/Cpu.o
                0x000012d0                Cpu_ivINT_DMA13
 .text.Cpu_ivINT_DMA14
                0x000012e8       0x18 ./Generated_Code/Cpu.o
                0x000012e8                Cpu_ivINT_DMA14
 .text.Cpu_ivINT_DMA15
                0x00001300       0x18 ./Generated_Code/Cpu.o
                0x00001300                Cpu_ivINT_DMA15
 .text.Cpu_ivINT_DMA_Error
                0x00001318       0x18 ./Generated_Code/Cpu.o
                0x00001318                Cpu_ivINT_DMA_Error
 .text.Cpu_ivINT_MCM
                0x00001330       0x18 ./Generated_Code/Cpu.o
                0x00001330                Cpu_ivINT_MCM
 .text.Cpu_ivINT_FTFE
                0x00001348       0x18 ./Generated_Code/Cpu.o
                0x00001348                Cpu_ivINT_FTFE
 .text.Cpu_ivINT_Read_Collision
                0x00001360       0x18 ./Generated_Code/Cpu.o
                0x00001360                Cpu_ivINT_Read_Collision
 .text.Cpu_ivINT_LVD_LVW
                0x00001378       0x18 ./Generated_Code/Cpu.o
                0x00001378                Cpu_ivINT_LVD_LVW
 .text.Cpu_ivINT_LLWU
                0x00001390       0x18 ./Generated_Code/Cpu.o
                0x00001390                Cpu_ivINT_LLWU
 .text.Cpu_ivINT_WDOG_EWM
                0x000013a8       0x18 ./Generated_Code/Cpu.o
                0x000013a8                Cpu_ivINT_WDOG_EWM
 .text.Cpu_ivINT_Reserved39
                0x000013c0       0x18 ./Generated_Code/Cpu.o
                0x000013c0                Cpu_ivINT_Reserved39
 .text.Cpu_ivINT_I2C0
                0x000013d8       0x18 ./Generated_Code/Cpu.o
                0x000013d8                Cpu_ivINT_I2C0
 .text.Cpu_ivINT_I2C1
                0x000013f0       0x18 ./Generated_Code/Cpu.o
                0x000013f0                Cpu_ivINT_I2C1
 .text.Cpu_ivINT_SPI0
                0x00001408       0x18 ./Generated_Code/Cpu.o
                0x00001408                Cpu_ivINT_SPI0
 .text.Cpu_ivINT_SPI1
                0x00001420       0x18 ./Generated_Code/Cpu.o
                0x00001420                Cpu_ivINT_SPI1
 .text.Cpu_ivINT_I2S0_Tx
                0x00001438       0x18 ./Generated_Code/Cpu.o
                0x00001438                Cpu_ivINT_I2S0_Tx
 .text.Cpu_ivINT_I2S0_Rx
                0x00001450       0x18 ./Generated_Code/Cpu.o
                0x00001450                Cpu_ivINT_I2S0_Rx
 .text.Cpu_ivINT_Reserved46
                0x00001468       0x18 ./Generated_Code/Cpu.o
                0x00001468                Cpu_ivINT_Reserved46
 .text.Cpu_ivINT_UART0_RX_TX
                0x00001480       0x18 ./Generated_Code/Cpu.o
                0x00001480                Cpu_ivINT_UART0_RX_TX
 .text.Cpu_ivINT_UART0_ERR
                0x00001498       0x18 ./Generated_Code/Cpu.o
                0x00001498                Cpu_ivINT_UART0_ERR
 .text.Cpu_ivINT_UART1_RX_TX
                0x000014b0       0x18 ./Generated_Code/Cpu.o
                0x000014b0                Cpu_ivINT_UART1_RX_TX
 .text.Cpu_ivINT_UART1_ERR
                0x000014c8       0x18 ./Generated_Code/Cpu.o
                0x000014c8                Cpu_ivINT_UART1_ERR
 .text.Cpu_ivINT_UART2_RX_TX
                0x000014e0       0x18 ./Generated_Code/Cpu.o
                0x000014e0                Cpu_ivINT_UART2_RX_TX
 .text.Cpu_ivINT_UART2_ERR
                0x000014f8       0x18 ./Generated_Code/Cpu.o
                0x000014f8                Cpu_ivINT_UART2_ERR
 .text.Cpu_ivINT_UART3_RX_TX
                0x00001510       0x18 ./Generated_Code/Cpu.o
                0x00001510                Cpu_ivINT_UART3_RX_TX
 .text.Cpu_ivINT_UART3_ERR
                0x00001528       0x18 ./Generated_Code/Cpu.o
                0x00001528                Cpu_ivINT_UART3_ERR
 .text.Cpu_ivINT_ADC0
                0x00001540       0x18 ./Generated_Code/Cpu.o
                0x00001540                Cpu_ivINT_ADC0
 .text.Cpu_ivINT_CMP0
                0x00001558       0x18 ./Generated_Code/Cpu.o
                0x00001558                Cpu_ivINT_CMP0
 .text.Cpu_ivINT_CMP1
                0x00001570       0x18 ./Generated_Code/Cpu.o
                0x00001570                Cpu_ivINT_CMP1
 .text.Cpu_ivINT_FTM0
                0x00001588       0x18 ./Generated_Code/Cpu.o
                0x00001588                Cpu_ivINT_FTM0
 .text.Cpu_ivINT_FTM1
                0x000015a0       0x18 ./Generated_Code/Cpu.o
                0x000015a0                Cpu_ivINT_FTM1
 .text.Cpu_ivINT_FTM2
                0x000015b8       0x18 ./Generated_Code/Cpu.o
                0x000015b8                Cpu_ivINT_FTM2
 .text.Cpu_ivINT_CMT
                0x000015d0       0x18 ./Generated_Code/Cpu.o
                0x000015d0                Cpu_ivINT_CMT
 .text.Cpu_ivINT_RTC
                0x000015e8       0x18 ./Generated_Code/Cpu.o
                0x000015e8                Cpu_ivINT_RTC
 .text.Cpu_ivINT_RTC_Seconds
                0x00001600       0x18 ./Generated_Code/Cpu.o
                0x00001600                Cpu_ivINT_RTC_Seconds
 .text.Cpu_ivINT_PIT0
                0x00001618       0x18 ./Generated_Code/Cpu.o
                0x00001618                Cpu_ivINT_PIT0
 .text.Cpu_ivINT_PIT2
                0x00001630       0x18 ./Generated_Code/Cpu.o
                0x00001630                Cpu_ivINT_PIT2
 .text.Cpu_ivINT_PIT3
                0x00001648       0x18 ./Generated_Code/Cpu.o
                0x00001648                Cpu_ivINT_PIT3
 .text.Cpu_ivINT_PDB0
                0x00001660       0x18 ./Generated_Code/Cpu.o
                0x00001660                Cpu_ivINT_PDB0
 .text.Cpu_ivINT_USBDCD
                0x00001678       0x18 ./Generated_Code/Cpu.o
                0x00001678                Cpu_ivINT_USBDCD
 .text.Cpu_ivINT_Reserved71
                0x00001690       0x18 ./Generated_Code/Cpu.o
                0x00001690                Cpu_ivINT_Reserved71
 .text.Cpu_ivINT_DAC0
                0x000016a8       0x18 ./Generated_Code/Cpu.o
                0x000016a8                Cpu_ivINT_DAC0
 .text.Cpu_ivINT_MCG
                0x000016c0       0x18 ./Generated_Code/Cpu.o
                0x000016c0                Cpu_ivINT_MCG
 .text.Cpu_ivINT_LPTMR0
                0x000016d8       0x18 ./Generated_Code/Cpu.o
                0x000016d8                Cpu_ivINT_LPTMR0
 .text.Cpu_ivINT_PORTA
                0x000016f0       0x18 ./Generated_Code/Cpu.o
                0x000016f0                Cpu_ivINT_PORTA
 .text.Cpu_ivINT_PORTB
                0x00001708       0x18 ./Generated_Code/Cpu.o
                0x00001708                Cpu_ivINT_PORTB
 .text.Cpu_ivINT_PORTC
                0x00001720       0x18 ./Generated_Code/Cpu.o
                0x00001720                Cpu_ivINT_PORTC
 .text.Cpu_ivINT_PORTD
                0x00001738       0x18 ./Generated_Code/Cpu.o
                0x00001738                Cpu_ivINT_PORTD
 .text.Cpu_ivINT_PORTE
                0x00001750       0x18 ./Generated_Code/Cpu.o
                0x00001750                Cpu_ivINT_PORTE
 .text.Cpu_ivINT_SWI
                0x00001768       0x18 ./Generated_Code/Cpu.o
                0x00001768                Cpu_ivINT_SWI
 .text.Cpu_ivINT_Reserved81
                0x00001780       0x18 ./Generated_Code/Cpu.o
                0x00001780                Cpu_ivINT_Reserved81
 .text.Cpu_ivINT_Reserved82
                0x00001798       0x18 ./Generated_Code/Cpu.o
                0x00001798                Cpu_ivINT_Reserved82
 .text.Cpu_ivINT_Reserved83
                0x000017b0       0x18 ./Generated_Code/Cpu.o
                0x000017b0                Cpu_ivINT_Reserved83
 .text.Cpu_ivINT_Reserved84
                0x000017c8       0x18 ./Generated_Code/Cpu.o
                0x000017c8                Cpu_ivINT_Reserved84
 .text.Cpu_ivINT_Reserved85
                0x000017e0       0x18 ./Generated_Code/Cpu.o
                0x000017e0                Cpu_ivINT_Reserved85
 .text.Cpu_ivINT_CMP2
                0x000017f8       0x18 ./Generated_Code/Cpu.o
                0x000017f8                Cpu_ivINT_CMP2
 .text.Cpu_ivINT_FTM3
                0x00001810       0x18 ./Generated_Code/Cpu.o
                0x00001810                Cpu_ivINT_FTM3
 .text.Cpu_ivINT_Reserved88
                0x00001828       0x18 ./Generated_Code/Cpu.o
                0x00001828                Cpu_ivINT_Reserved88
 .text.Cpu_ivINT_ADC1
                0x00001840       0x18 ./Generated_Code/Cpu.o
                0x00001840                Cpu_ivINT_ADC1
 .text.Cpu_ivINT_I2C2
                0x00001858       0x18 ./Generated_Code/Cpu.o
                0x00001858                Cpu_ivINT_I2C2
 .text.Cpu_ivINT_CAN0_ORed_Message_buffer
                0x00001870       0x18 ./Generated_Code/Cpu.o
                0x00001870                Cpu_ivINT_CAN0_ORed_Message_buffer
 .text.Cpu_ivINT_CAN0_Bus_Off
                0x00001888       0x18 ./Generated_Code/Cpu.o
                0x00001888                Cpu_ivINT_CAN0_Bus_Off
 .text.Cpu_ivINT_CAN0_Error
                0x000018a0       0x18 ./Generated_Code/Cpu.o
                0x000018a0                Cpu_ivINT_CAN0_Error
 .text.Cpu_ivINT_CAN0_Tx_Warning
                0x000018b8       0x18 ./Generated_Code/Cpu.o
                0x000018b8                Cpu_ivINT_CAN0_Tx_Warning
 .text.Cpu_ivINT_CAN0_Rx_Warning
                0x000018d0       0x18 ./Generated_Code/Cpu.o
                0x000018d0                Cpu_ivINT_CAN0_Rx_Warning
 .text.Cpu_ivINT_CAN0_Wake_Up
                0x000018e8       0x18 ./Generated_Code/Cpu.o
                0x000018e8                Cpu_ivINT_CAN0_Wake_Up
 .text.Cpu_ivINT_SDHC
                0x00001900       0x18 ./Generated_Code/Cpu.o
                0x00001900                Cpu_ivINT_SDHC
 .text.__init_hardware
                0x00001918      0x18c ./Generated_Code/Cpu.o
                0x00001918                __init_hardware
 .text.Cpu_SetBASEPRI
                0x00001aa4       0x18 ./Generated_Code/Cpu.o
                0x00001aa4                Cpu_SetBASEPRI
 .text.PE_low_level_init
                0x00001abc      0x198 ./Generated_Code/Cpu.o
                0x00001abc                PE_low_level_init
 .text.HF1_HandlerC
                0x00001c54       0xd4 ./Generated_Code/HF1.o
                0x00001c54                HF1_HandlerC
 .text.HF1_HardFaultHandler
                0x00001d28       0x1c ./Generated_Code/HF1.o
                0x00001d28                HF1_HardFaultHandler
 .text.HF1_Init
                0x00001d44       0x1c ./Generated_Code/HF1.o
                0x00001d44                HF1_Init
 .text.IFsh1_Init
                0x00001d60       0x2c ./Generated_Code/IFsh1.o
                0x00001d60                IFsh1_Init
 .text.IntFlashLdd1_Init
                0x00001d8c       0x64 ./Generated_Code/IntFlashLdd1.o
                0x00001d8c                IntFlashLdd1_Init
 .text.KIN1_UIDGet
                0x00001df0      0x12c ./Generated_Code/KIN1.o
                0x00001df0                KIN1_UIDGet
 .text.LED_IR_Init
                0x00001f1c       0x14 ./Generated_Code/LED_IR.o
                0x00001f1c                LED_IR_Init
 .text.MCUC1_Init
                0x00001f30        0xc ./Generated_Code/MCUC1.o
                0x00001f30                MCUC1_Init
 .text.MOTTU_Init
                0x00001f3c      0x120 ./Generated_Code/MOTTU.o
                0x00001f3c                MOTTU_Init
 .text.PwmLdd2_Init
                0x0000205c       0x54 ./Generated_Code/PwmLdd2.o
                0x0000205c                PwmLdd2_Init
 .text.PwmLdd3_Init
                0x000020b0       0x54 ./Generated_Code/PwmLdd3.o
                0x000020b0                PwmLdd3_Init
 .text.Q4CLeft_Init
                0x00002104       0x68 ./Generated_Code/Q4CLeft.o
                0x00002104                Q4CLeft_Init
 .text.Q4CRight_Init
                0x0000216c       0x68 ./Generated_Code/Q4CRight.o
                0x0000216c                Q4CRight_Init
 .text.TimerIntLdd2_OnInterrupt
                0x000021d4       0x14 ./Generated_Code/QuadInt.o
                0x000021d4                TimerIntLdd2_OnInterrupt
 .text.RTT1_Init
                0x000021e8        0xc ./Generated_Code/RTT1.o
                0x000021e8                RTT1_Init
 .text.Rx1_Put  0x000021f4       0x74 ./Generated_Code/Rx1.o
                0x000021f4                Rx1_Put
 .text.Rx1_Init
                0x00002268       0x2c ./Generated_Code/Rx1.o
                0x00002268                Rx1_Init
 .text._DoInit  0x00002294       0xa4 ./Generated_Code/SEGGER_RTT.o
 .text.SEGGER_RTT_Init
                0x00002338        0xc ./Generated_Code/SEGGER_RTT.o
                0x00002338                SEGGER_RTT_Init
 .text.TMOUT1_Init
                0x00002344       0x3c ./Generated_Code/TMOUT1.o
                0x00002344                TMOUT1_Init
 .text.TU_QuadInt_Init
                0x00002380       0xc4 ./Generated_Code/TU_QuadInt.o
                0x00002380                TU_QuadInt_Init
 .text.TU_QuadInt_Interrupt
                0x00002444       0x40 ./Generated_Code/TU_QuadInt.o
                0x00002444                TU_QuadInt_Interrupt
 .text.TimerIntLdd2_Init
                0x00002484       0x50 ./Generated_Code/TimerIntLdd2.o
                0x00002484                TimerIntLdd2_Init
 .text.TU_QuadInt_OnCounterRestart
                0x000024d4       0x24 ./Generated_Code/TimerIntLdd2.o
                0x000024d4                TU_QuadInt_OnCounterRestart
 .text.TmDt1_SetSWTimeDate
                0x000024f8       0x98 ./Generated_Code/TmDt1.o
                0x000024f8                TmDt1_SetSWTimeDate
 .text.TmDt1_Init
                0x00002590       0x1c ./Generated_Code/TmDt1.o
                0x00002590                TmDt1_Init
 .text.TmDt1_TimeToTicks
                0x000025ac       0x50 ./Generated_Code/TmDt1.o
                0x000025ac                TmDt1_TimeToTicks
 .text.Tx1_Init
                0x000025fc       0x2c ./Generated_Code/Tx1.o
                0x000025fc                Tx1_Init
 .text.USB0_Init
                0x00002628      0x19c ./Generated_Code/USB0.o
                0x00002628                USB0_Init
 .text.USB1_usb_int_en
                0x000027c4       0x24 ./Generated_Code/USB1.o
                0x000027c4                USB1_usb_int_en
 .text.USB1_Init
                0x000027e8       0x2c ./Generated_Code/USB1.o
                0x000027e8                USB1_Init
 .text.WAIT1_Init
                0x00002814        0xc ./Generated_Code/WAIT1.o
                0x00002814                WAIT1_Init
 .text.XF1_Init
                0x00002820        0xc ./Generated_Code/XF1.o
                0x00002820                XF1_Init
 .text.USB_Class_CDC_Service_Cic_Notify
                0x0000282c       0xfc ./Generated_Code/usb_cdc.o
                0x0000282c                USB_Class_CDC_Service_Cic_Notify
 .text.USB_Class_CDC_Service_Dic_Bulk_In
                0x00002928      0x12c ./Generated_Code/usb_cdc.o
                0x00002928                USB_Class_CDC_Service_Dic_Bulk_In
 .text.USB_Class_CDC_Service_Dic_Bulk_Out
                0x00002a54       0x58 ./Generated_Code/usb_cdc.o
                0x00002a54                USB_Class_CDC_Service_Dic_Bulk_Out
 .text.USB_Class_CDC_Event
                0x00002aac      0x164 ./Generated_Code/usb_cdc.o
                0x00002aac                USB_Class_CDC_Event
 .text.USB_Other_Requests
                0x00002c10      0x1c4 ./Generated_Code/usb_cdc.o
 .text.USB_Class_CDC_Init
                0x00002dd4       0xfc ./Generated_Code/usb_cdc.o
                0x00002dd4                USB_Class_CDC_Init
 .text.USB_Class_CDC_Send_Data
                0x00002ed0      0x13c ./Generated_Code/usb_cdc.o
                0x00002ed0                USB_Class_CDC_Send_Data
 .text.USB_Class_CDC_Pstn_Init
                0x0000300c       0x28 ./Generated_Code/usb_cdc_pstn.o
                0x0000300c                USB_Class_CDC_Pstn_Init
 .text.USB_Class_CDC_PSTN_Get_Line_Coding
                0x00003034       0x3c ./Generated_Code/usb_cdc_pstn.o
                0x00003034                USB_Class_CDC_PSTN_Get_Line_Coding
 .text.USB_Class_CDC_PSTN_Set_Line_Coding
                0x00003070       0x48 ./Generated_Code/usb_cdc_pstn.o
                0x00003070                USB_Class_CDC_PSTN_Set_Line_Coding
 .text.USB_Class_CDC_PSTN_Set_Ctrl_Line_State
                0x000030b8       0xc0 ./Generated_Code/usb_cdc_pstn.o
                0x000030b8                USB_Class_CDC_PSTN_Set_Ctrl_Line_State
 .text.USB_Class_CDC_PSTN_Send_Break
                0x00003178       0x30 ./Generated_Code/usb_cdc_pstn.o
                0x00003178                USB_Class_CDC_PSTN_Send_Break
 .text.USB_Class_CDC_PSTN_Get_Comm_Feature
                0x000031a8       0x74 ./Generated_Code/usb_cdc_pstn.o
                0x000031a8                USB_Class_CDC_PSTN_Get_Comm_Feature
 .text.USB_Class_CDC_PSTN_Set_Comm_Feature
                0x0000321c       0x74 ./Generated_Code/usb_cdc_pstn.o
                0x0000321c                USB_Class_CDC_PSTN_Set_Comm_Feature
 .text.USB_Class_CDC_PSTN_Send_Serial_State
                0x00003290       0x3c ./Generated_Code/usb_cdc_pstn.o
                0x00003290                USB_Class_CDC_PSTN_Send_Serial_State
 .text.USB_Suspend_Service
                0x000032cc       0x40 ./Generated_Code/usb_class.o
                0x000032cc                USB_Suspend_Service
 .text.USB_Resume_Service
                0x0000330c       0x50 ./Generated_Code/usb_class.o
                0x0000330c                USB_Resume_Service
 .text.USB_Stall_Service
                0x0000335c       0x34 ./Generated_Code/usb_class.o
                0x0000335c                USB_Stall_Service
 .text.USB_Sof_Service
                0x00003390       0x40 ./Generated_Code/usb_class.o
                0x00003390                USB_Sof_Service
 .text.USB_Reset_Service
                0x000033d0       0xbc ./Generated_Code/usb_class.o
                0x000033d0                USB_Reset_Service
 .text.USB_Error_Service
                0x0000348c       0x28 ./Generated_Code/usb_class.o
                0x0000348c                USB_Error_Service
 .text.USB_Class_Init
                0x000034b4       0xec ./Generated_Code/usb_class.o
                0x000034b4                USB_Class_Init
 .text.USB_Class_Initiate_Resume
                0x000035a0       0x70 ./Generated_Code/usb_class.o
                0x000035a0                USB_Class_Initiate_Resume
 .text.USB_Class_Send_Data
                0x00003610       0x48 ./Generated_Code/usb_class.o
                0x00003610                USB_Class_Send_Data
 .text.USB_Bus_Reset_Handler
                0x00003658       0xc0 ./Generated_Code/usb_dci_kinetis.o
 .text.USB_DCI_Get_BDT_Index
                0x00003718       0x44 ./Generated_Code/usb_dci_kinetis.o
 .text.USB_DCI_Validate_Param
                0x0000375c       0x5c ./Generated_Code/usb_dci_kinetis.o
 .text.USB_DCI_Prepare_Send_Data
                0x000037b8       0x6c ./Generated_Code/usb_dci_kinetis.o
 .text.USB_DCI_Init
                0x00003824      0x160 ./Generated_Code/usb_dci_kinetis.o
                0x00003824                USB_DCI_Init
 .text.USB_DCI_Init_EndPoint
                0x00003984      0x20c ./Generated_Code/usb_dci_kinetis.o
                0x00003984                USB_DCI_Init_EndPoint
 .text._usb_device_cancel_transfer
                0x00003b90       0xa4 ./Generated_Code/usb_dci_kinetis.o
                0x00003b90                _usb_device_cancel_transfer
 .text.USB_DCI_Deinit_EndPoint
                0x00003c34       0xb0 ./Generated_Code/usb_dci_kinetis.o
                0x00003c34                USB_DCI_Deinit_EndPoint
 .text._usb_device_stall_endpoint
                0x00003ce4       0x7c ./Generated_Code/usb_dci_kinetis.o
                0x00003ce4                _usb_device_stall_endpoint
 .text._usb_device_unstall_endpoint
                0x00003d60       0xe4 ./Generated_Code/usb_dci_kinetis.o
                0x00003d60                _usb_device_unstall_endpoint
 .text._usb_device_clear_data0_endpoint
                0x00003e44       0x60 ./Generated_Code/usb_dci_kinetis.o
                0x00003e44                _usb_device_clear_data0_endpoint
 .text._usb_device_recv_data
                0x00003ea4      0x138 ./Generated_Code/usb_dci_kinetis.o
                0x00003ea4                _usb_device_recv_data
 .text._usb_device_send_data
                0x00003fdc       0xe0 ./Generated_Code/usb_dci_kinetis.o
                0x00003fdc                _usb_device_send_data
 .text._usb_device_set_address
                0x000040bc       0x30 ./Generated_Code/usb_dci_kinetis.o
                0x000040bc                _usb_device_set_address
 .text._usb_device_assert_resume
                0x000040ec       0xb8 ./Generated_Code/usb_dci_kinetis.o
                0x000040ec                _usb_device_assert_resume
 .text.USB_Bus_Token_Cpl_Handler
                0x000041a4      0x328 ./Generated_Code/usb_dci_kinetis.o
 .text.USB_ISR  0x000044cc      0x2a4 ./Generated_Code/usb_dci_kinetis.o
                0x000044cc                USB_ISR
 .text.Clear_Mem
                0x00004770       0x24 ./Generated_Code/usb_dci_kinetis.o
                0x00004770                Clear_Mem
 .text.USB_Desc_Get_Descriptor
                0x00004794       0xf4 ./Generated_Code/usb_descriptor.o
                0x00004794                USB_Desc_Get_Descriptor
 .text.USB_Desc_Get_Interface
                0x00004888       0x38 ./Generated_Code/usb_descriptor.o
                0x00004888                USB_Desc_Get_Interface
 .text.USB_Desc_Set_Interface
                0x000048c0       0x38 ./Generated_Code/usb_descriptor.o
                0x000048c0                USB_Desc_Set_Interface
 .text.USB_Desc_Valid_Configation
                0x000048f8       0x44 ./Generated_Code/usb_descriptor.o
                0x000048f8                USB_Desc_Valid_Configation
 .text.USB_Desc_Remote_Wakeup
                0x0000493c       0x18 ./Generated_Code/usb_descriptor.o
                0x0000493c                USB_Desc_Remote_Wakeup
 .text.USB_Desc_Get_Endpoints
                0x00004954       0x1c ./Generated_Code/usb_descriptor.o
                0x00004954                USB_Desc_Get_Endpoints
 .text.USB_Desc_Get_Line_Coding
                0x00004970       0x3c ./Generated_Code/usb_descriptor.o
                0x00004970                USB_Desc_Get_Line_Coding
 .text.USB_Desc_Set_Line_Coding
                0x000049ac       0x5c ./Generated_Code/usb_descriptor.o
                0x000049ac                USB_Desc_Set_Line_Coding
 .text.USB_Desc_Get_Abstract_State
                0x00004a08       0x38 ./Generated_Code/usb_descriptor.o
                0x00004a08                USB_Desc_Get_Abstract_State
 .text.USB_Desc_Get_Country_Setting
                0x00004a40       0x38 ./Generated_Code/usb_descriptor.o
                0x00004a40                USB_Desc_Get_Country_Setting
 .text.USB_Desc_Set_Abstract_State
                0x00004a78       0x58 ./Generated_Code/usb_descriptor.o
                0x00004a78                USB_Desc_Set_Abstract_State
 .text.USB_Desc_Set_Country_Setting
                0x00004ad0       0x58 ./Generated_Code/usb_descriptor.o
                0x00004ad0                USB_Desc_Set_Country_Setting
 .text.USB_Device_Init_Params
                0x00004b28       0x60 ./Generated_Code/usb_driver.o
 .text._usb_device_init
                0x00004b88       0x48 ./Generated_Code/usb_driver.o
                0x00004b88                _usb_device_init
 .text._usb_device_init_endpoint
                0x00004bd0       0x74 ./Generated_Code/usb_driver.o
                0x00004bd0                _usb_device_init_endpoint
 .text._usb_device_deinit_endpoint
                0x00004c44       0x6c ./Generated_Code/usb_driver.o
                0x00004c44                _usb_device_deinit_endpoint
 .text._usb_device_get_status
                0x00004cb0       0x68 ./Generated_Code/usb_driver.o
                0x00004cb0                _usb_device_get_status
 .text._usb_device_set_status
                0x00004d18       0xbc ./Generated_Code/usb_driver.o
                0x00004d18                _usb_device_set_status
 .text._usb_device_register_service
                0x00004dd4       0x20 ./Generated_Code/usb_driver.o
                0x00004dd4                _usb_device_register_service
 .text.USB_Device_Call_Service
                0x00004df4       0x3c ./Generated_Code/usb_driver.o
                0x00004df4                USB_Device_Call_Service
 .text.USB_NULL_CALLBACK
                0x00004e30       0x14 ./Generated_Code/usb_driver.o
                0x00004e30                USB_NULL_CALLBACK
 .text.USB_Framework_Init
                0x00004e44       0x44 ./Generated_Code/usb_framework.o
                0x00004e44                USB_Framework_Init
 .text.USB_Control_Service
                0x00004e88      0x1dc ./Generated_Code/usb_framework.o
                0x00004e88                USB_Control_Service
 .text.USB_Control_Service_Handler
                0x00005064       0x74 ./Generated_Code/usb_framework.o
 .text.USB_Strd_Req_Get_Status
                0x000050d8      0x170 ./Generated_Code/usb_framework.o
 .text.USB_Strd_Req_Feature
                0x00005248      0x174 ./Generated_Code/usb_framework.o
 .text.USB_Strd_Req_Set_Address
                0x000053bc       0x3c ./Generated_Code/usb_framework.o
 .text.USB_Strd_Req_Assign_Address
                0x000053f8       0x44 ./Generated_Code/usb_framework.o
 .text.USB_Strd_Req_Get_Config
                0x0000543c       0x4c ./Generated_Code/usb_framework.o
 .text.USB_Strd_Req_Set_Config
                0x00005488       0x9c ./Generated_Code/usb_framework.o
 .text.USB_Strd_Req_Get_Interface
                0x00005524       0x50 ./Generated_Code/usb_framework.o
 .text.USB_Strd_Req_Set_Interface
                0x00005574       0x4c ./Generated_Code/usb_framework.o
 .text.USB_Strd_Req_Sync_Frame
                0x000055c0       0x48 ./Generated_Code/usb_framework.o
 .text.USB_Strd_Req_Get_Descriptor
                0x00005608       0x54 ./Generated_Code/usb_framework.o
 .text.Watchdog_Reset
                0x0000565c       0x20 ./Generated_Code/wdt_kinetis.o
                0x0000565c                Watchdog_Reset
 .text.exit     0x0000567c       0x28 c:/freescale/kds_v3/toolchain/bin/../lib/gcc/arm-none-eabi/4.8.4/../../../../arm-none-eabi/lib/armv7e-m/fpu\libg_s.a(lib_a-exit.o)
                0x0000567c                exit
 .text.__libc_init_array
                0x000056a4       0x4c c:/freescale/kds_v3/toolchain/bin/../lib/gcc/arm-none-eabi/4.8.4/../../../../arm-none-eabi/lib/armv7e-m/fpu\libg_s.a(lib_a-init.o)
                0x000056a4                __libc_init_array
 .text.memcpy   0x000056f0       0x12 c:/freescale/kds_v3/toolchain/bin/../lib/gcc/arm-none-eabi/4.8.4/../../../../arm-none-eabi/lib/armv7e-m/fpu\libg_s.a(lib_a-memcpy-stub.o)
                0x000056f0                memcpy
 .text.memset   0x00005702       0x10 c:/freescale/kds_v3/toolchain/bin/../lib/gcc/arm-none-eabi/4.8.4/../../../../arm-none-eabi/lib/armv7e-m/fpu\libg_s.a(lib_a-memset.o)
                0x00005702                memset
 *fill*         0x00005712        0x2 
 .text._exit    0x00005714        0x4 c:/freescale/kds_v3/toolchain/bin/../lib/gcc/arm-none-eabi/4.8.4/../../../../arm-none-eabi/lib/armv7e-m/fpu\libnosys.a(_exit.o)
                0x00005714                _exit
 *(.rodata)
 .rodata        0x00005718       0x18 ./Generated_Code/SEGGER_RTT.o
 .rodata        0x00005730        0x8 ./Generated_Code/usb_dci_kinetis.o
 *(.rodata*)
 .rodata.TmDt1_DefaultTime
                0x00005738        0x4 ./Generated_Code/TmDt1.o
 .rodata.TmDt1_DefaultDate
                0x0000573c        0x4 ./Generated_Code/TmDt1.o
 .rodata.usb_desc_ep
                0x00005740       0x10 ./Generated_Code/usb_descriptor.o
                0x00005740                usb_desc_ep
 .rodata.g_std_desc_size
                0x00005750       0x10 ./Generated_Code/usb_descriptor.o
                0x00005750                g_std_desc_size
 .rodata.g_std_descriptors
                0x00005760       0x20 ./Generated_Code/usb_descriptor.o
                0x00005760                g_std_descriptors
 .rodata.g_string_desc_size
                0x00005780        0x8 ./Generated_Code/usb_descriptor.o
                0x00005780                g_string_desc_size
 .rodata.g_string_descriptors
                0x00005788       0x14 ./Generated_Code/usb_descriptor.o
                0x00005788                g_string_descriptors
 .rodata.g_languages
                0x0000579c       0x20 ./Generated_Code/usb_descriptor.o
                0x0000579c                g_languages
 .rodata.g_valid_config_values
                0x000057bc        0x4 ./Generated_Code/usb_descriptor.o
                0x000057bc                g_valid_config_values
 .rodata.g_usb_CB
                0x000057c0       0x60 ./Generated_Code/usb_driver.o
 .rodata.g_validate_request
                0x00005820       0x28 ./Generated_Code/usb_framework.o
                0x00005820                g_validate_request
 .rodata.g_standard_request
                0x00005848       0x34 ./Generated_Code/usb_framework.o
                0x00005848                g_standard_request
 .rodata.str1.1
                0x0000587c        0x2 c:/freescale/kds_v3/toolchain/bin/../lib/gcc/arm-none-eabi/4.8.4/../../../../arm-none-eabi/lib/armv7e-m/fpu\libg_s.a(lib_a-impure.o)
 *fill*         0x0000587e        0x2 
 .rodata._global_impure_ptr
                0x00005880        0x4 c:/freescale/kds_v3/toolchain/bin/../lib/gcc/arm-none-eabi/4.8.4/../../../../arm-none-eabi/lib/armv7e-m/fpu\libg_s.a(lib_a-impure.o)
                0x00005880                _global_impure_ptr
 *(.glue_7)
 .glue_7        0x00000000        0x0 linker stubs
 *(.glue_7t)
 .glue_7t       0x00000000        0x0 linker stubs
 *(.eh_frame)
 .eh_frame      0x00005884        0x0 c:/freescale/kds_v3/toolchain/bin/../lib/gcc/arm-none-eabi/4.8.4/armv7e-m/fpu/crtbegin.o
 *(.init)
 .init          0x00005884        0x4 c:/freescale/kds_v3/toolchain/bin/../lib/gcc/arm-none-eabi/4.8.4/armv7e-m/fpu/crti.o
                0x00005884                _init
 .init          0x00005888        0x8 c:/freescale/kds_v3/toolchain/bin/../lib/gcc/arm-none-eabi/4.8.4/armv7e-m/fpu/crtn.o
 *(.fini)
 .fini          0x00005890        0x4 c:/freescale/kds_v3/toolchain/bin/../lib/gcc/arm-none-eabi/4.8.4/armv7e-m/fpu/crti.o
                0x00005890                _fini
 .fini          0x00005894        0x8 c:/freescale/kds_v3/toolchain/bin/../lib/gcc/arm-none-eabi/4.8.4/armv7e-m/fpu/crtn.o
                0x0000589c                . = ALIGN (0x4)
                0x0000589c                _etext = .

.vfp11_veneer   0x0000589c        0x0
 .vfp11_veneer  0x00000000        0x0 linker stubs

.v4_bx          0x0000589c        0x0
 .v4_bx         0x00000000        0x0 linker stubs

.iplt           0x0000589c        0x0
 .iplt          0x00000000        0x0 c:/freescale/kds_v3/toolchain/bin/../lib/gcc/arm-none-eabi/4.8.4/armv7e-m/fpu/crtbegin.o

.ARM.extab
 *(.ARM.extab* .gnu.linkonce.armextab.*)

.ARM            0x0000589c        0x8
                0x0000589c                __exidx_start = .
 *(.ARM.exidx*)
 .ARM.exidx     0x0000589c        0x8 c:/freescale/kds_v3/toolchain/bin/../lib/gcc/arm-none-eabi/4.8.4/../../../../arm-none-eabi/lib/armv7e-m/fpu/crt0.o
                0x000058a4                __exidx_end = .

.rel.dyn        0x000058a4        0x0
 .rel.iplt      0x00000000        0x0 c:/freescale/kds_v3/toolchain/bin/../lib/gcc/arm-none-eabi/4.8.4/armv7e-m/fpu/crtbegin.o

.ctors          0x000058a4        0x0
                0x000058a4                __CTOR_LIST__ = .
 *crtbegin.o(.ctors)
 *(EXCLUDE_FILE(*crtend.o) .ctors)
 *(SORT(.ctors.*))
 *(.ctors)
                0x000058a4                __CTOR_END__ = .

.dtors          0x000058a4        0x0
                0x000058a4                __DTOR_LIST__ = .
 *crtbegin.o(.dtors)
 *(EXCLUDE_FILE(*crtend.o) .dtors)
 *(SORT(.dtors.*))
 *(.dtors)
                0x000058a4                __DTOR_END__ = .

.preinit_array  0x000058a4        0x0
                0x000058a4                PROVIDE (__preinit_array_start, .)
 *(.preinit_array*)
                0x000058a4                PROVIDE (__preinit_array_end, .)

.init_array     0x000058a4        0x4
                0x000058a4                PROVIDE (__init_array_start, .)
 *(SORT(.init_array.*))
 *(.init_array*)
 .init_array    0x000058a4        0x4 c:/freescale/kds_v3/toolchain/bin/../lib/gcc/arm-none-eabi/4.8.4/armv7e-m/fpu/crtbegin.o
                0x000058a8                PROVIDE (__init_array_end, .)

.fini_array     0x000058a8        0x4
                0x000058a8                PROVIDE (__fini_array_start, .)
 *(SORT(.fini_array.*))
 *(.fini_array*)
 .fini_array    0x000058a8        0x4 c:/freescale/kds_v3/toolchain/bin/../lib/gcc/arm-none-eabi/4.8.4/armv7e-m/fpu/crtbegin.o
                0x000058ac                PROVIDE (__fini_array_end, .)
                0x000058ac                ___ROM_AT = .

.data           0x1fff8000      0x154 load address 0x000058ac
                0x1fff8000                . = ALIGN (0x4)
                0x1fff8000                _sdata = .
 *(.data)
 *(.data*)
 .data.g_serial_state_buf
                0x1fff8000        0xc ./Generated_Code/usb_cdc_pstn.o
 .data.g_trf_direction
                0x1fff800c        0x1 ./Generated_Code/usb_dci_kinetis.o
 *fill*         0x1fff800d        0x3 
 .data.g_device_descriptor
                0x1fff8010       0x14 ./Generated_Code/usb_descriptor.o
                0x1fff8010                g_device_descriptor
 .data.g_config_descriptor
                0x1fff8024       0x44 ./Generated_Code/usb_descriptor.o
                0x1fff8024                g_config_descriptor
 .data.USB_STR_0
                0x1fff8068        0x4 ./Generated_Code/usb_descriptor.o
                0x1fff8068                USB_STR_0
 .data.USB_STR_1
                0x1fff806c       0x20 ./Generated_Code/usb_descriptor.o
                0x1fff806c                USB_STR_1
 .data.USB_STR_2
                0x1fff808c       0x20 ./Generated_Code/usb_descriptor.o
                0x1fff808c                USB_STR_2
 .data.USB_STR_3
                0x1fff80ac       0x14 ./Generated_Code/usb_descriptor.o
                0x1fff80ac                USB_STR_3
 .data.USB_STR_n
                0x1fff80c0       0x24 ./Generated_Code/usb_descriptor.o
                0x1fff80c0                USB_STR_n
 .data.g_line_coding
                0x1fff80e4       0x10 ./Generated_Code/usb_descriptor.o
 .data.impure_data
                0x1fff80f4       0x60 c:/freescale/kds_v3/toolchain/bin/../lib/gcc/arm-none-eabi/4.8.4/../../../../arm-none-eabi/lib/armv7e-m/fpu\libg_s.a(lib_a-impure.o)
                0x1fff8154                . = ALIGN (0x4)
                0x1fff8154                _edata = .
                0x00000154                ___data_size = (_edata - _sdata)
                0x00005a00                ___m_data_20000000_ROMStart = (___ROM_AT + SIZEOF (.data))

.jcr            0x1fff8154        0x0 load address 0x00005a00
 .jcr           0x1fff8154        0x0 c:/freescale/kds_v3/toolchain/bin/../lib/gcc/arm-none-eabi/4.8.4/armv7e-m/fpu/crtbegin.o

.igot.plt       0x1fff8154        0x0 load address 0x00005a00
 .igot.plt      0x00000000        0x0 c:/freescale/kds_v3/toolchain/bin/../lib/gcc/arm-none-eabi/4.8.4/armv7e-m/fpu/crtbegin.o

.m_data_20000000
                0x20000000        0x0 load address 0x00005a00
                0x20000000                . = ALIGN (0x4)
                0x20000000                ___m_data_20000000_RAMStart = .
 *(.m_data_20000000)
                0x20000000                ___m_data_20000000_RAMEnd = .
                0x20000000                . = ALIGN (0x4)
                0x00000000                ___m_data_20000000_ROMSize = (___m_data_20000000_RAMEnd - ___m_data_20000000_RAMStart)
                0x20000000                . = ALIGN (0x4)

.bss            0x1fff8200      0xe00 load address 0x00005c00
                0x1fff8200                __START_BSS = .
                0x1fff8200                PROVIDE (__bss_start__, __START_BSS)
 *(.bss)
 .bss           0x1fff8200       0x1c c:/freescale/kds_v3/toolchain/bin/../lib/gcc/arm-none-eabi/4.8.4/armv7e-m/fpu/crtbegin.o
 *(.bss*)
 .bss.DeviceDataPrv__DEFAULT_RTOS_ALLOC
                0x1fff821c        0x8 ./Generated_Code/ADC_Bat.o
 .bss.DeviceDataPrv__DEFAULT_RTOS_ALLOC
                0x1fff8224        0x4 ./Generated_Code/BitIoLdd1.o
 .bss.DeviceDataPrv__DEFAULT_RTOS_ALLOC
                0x1fff8228        0x4 ./Generated_Code/BitIoLdd10.o
 .bss.DeviceDataPrv__DEFAULT_RTOS_ALLOC
                0x1fff822c        0x4 ./Generated_Code/BitIoLdd11.o
 .bss.DeviceDataPrv__DEFAULT_RTOS_ALLOC
                0x1fff8230        0x4 ./Generated_Code/BitIoLdd12.o
 .bss.DeviceDataPrv__DEFAULT_RTOS_ALLOC
                0x1fff8234        0x4 ./Generated_Code/BitIoLdd13.o
 .bss.DeviceDataPrv__DEFAULT_RTOS_ALLOC
                0x1fff8238        0x4 ./Generated_Code/BitIoLdd16.o
 .bss.DeviceDataPrv__DEFAULT_RTOS_ALLOC
                0x1fff823c        0x4 ./Generated_Code/BitIoLdd17.o
 .bss.DeviceDataPrv__DEFAULT_RTOS_ALLOC
                0x1fff8240        0x4 ./Generated_Code/BitIoLdd18.o
 .bss.DeviceDataPrv__DEFAULT_RTOS_ALLOC
                0x1fff8244        0x4 ./Generated_Code/BitIoLdd19.o
 .bss.DeviceDataPrv__DEFAULT_RTOS_ALLOC
                0x1fff8248        0x4 ./Generated_Code/BitIoLdd2.o
 .bss.DeviceDataPrv__DEFAULT_RTOS_ALLOC
                0x1fff824c        0x4 ./Generated_Code/BitIoLdd3.o
 .bss.DeviceDataPrv__DEFAULT_RTOS_ALLOC
                0x1fff8250        0x4 ./Generated_Code/BitIoLdd4.o
 .bss.DeviceDataPrv__DEFAULT_RTOS_ALLOC
                0x1fff8254        0x4 ./Generated_Code/BitIoLdd5.o
 .bss.DeviceDataPrv__DEFAULT_RTOS_ALLOC
                0x1fff8258        0x4 ./Generated_Code/BitIoLdd6.o
 .bss.DeviceDataPrv__DEFAULT_RTOS_ALLOC
                0x1fff825c        0x4 ./Generated_Code/BitIoLdd7.o
 .bss.DeviceDataPrv__DEFAULT_RTOS_ALLOC
                0x1fff8260        0x4 ./Generated_Code/BitIoLdd8.o
 .bss.DeviceDataPrv__DEFAULT_RTOS_ALLOC
                0x1fff8264        0x4 ./Generated_Code/BitIoLdd9.o
 .bss.start_app
                0x1fff8268        0x1 ./Generated_Code/CDC1.o
 .bss.start_transactions
                0x1fff8269        0x1 ./Generated_Code/CDC1.o
 .bss.transactionOngoing
                0x1fff826a        0x1 ./Generated_Code/CDC1.o
 *fill*         0x1fff826b        0x1 
 .bss.stacked_r0.6232
                0x1fff826c        0x4 ./Generated_Code/HF1.o
 .bss.stacked_r1.6233
                0x1fff8270        0x4 ./Generated_Code/HF1.o
 .bss.stacked_r2.6234
                0x1fff8274        0x4 ./Generated_Code/HF1.o
 .bss.stacked_r3.6235
                0x1fff8278        0x4 ./Generated_Code/HF1.o
 .bss.stacked_r12.6236
                0x1fff827c        0x4 ./Generated_Code/HF1.o
 .bss.stacked_lr.6237
                0x1fff8280        0x4 ./Generated_Code/HF1.o
 .bss.stacked_pc.6238
                0x1fff8284        0x4 ./Generated_Code/HF1.o
 .bss.stacked_psr.6239
                0x1fff8288        0x4 ./Generated_Code/HF1.o
 .bss._CFSR.6240
                0x1fff828c        0x4 ./Generated_Code/HF1.o
 .bss._HFSR.6241
                0x1fff8290        0x4 ./Generated_Code/HF1.o
 .bss._DFSR.6242
                0x1fff8294        0x4 ./Generated_Code/HF1.o
 .bss._AFSR.6243
                0x1fff8298        0x4 ./Generated_Code/HF1.o
 .bss._MMAR.6245
                0x1fff829c        0x4 ./Generated_Code/HF1.o
 .bss._BFAR.6244
                0x1fff82a0        0x4 ./Generated_Code/HF1.o
 .bss.IFsh1_CmdPending
                0x1fff82a4        0x1 ./Generated_Code/IFsh1.o
 .bss.IFsh1_EnEvent
                0x1fff82a5        0x1 ./Generated_Code/IFsh1.o
 *fill*         0x1fff82a6        0x2 
 .bss.IntFlashLdd1_DevDataPtr
                0x1fff82a8        0x4 ./Generated_Code/IFsh1.o
 .bss.DeviceDataPrv__DEFAULT_RTOS_ALLOC
                0x1fff82ac       0x18 ./Generated_Code/IntFlashLdd1.o
 .bss.DeviceDataPrv__DEFAULT_RTOS_ALLOC
                0x1fff82c4        0xc ./Generated_Code/MOTTU.o
 .bss.PE_LDD_DeviceDataList
                0x1fff82d0       0x64 ./Generated_Code/PE_LDD.o
                0x1fff82d0                PE_LDD_DeviceDataList
 .bss.DeviceDataPrv__DEFAULT_RTOS_ALLOC
                0x1fff8334        0xc ./Generated_Code/PwmLdd2.o
 .bss.DeviceDataPrv__DEFAULT_RTOS_ALLOC
                0x1fff8340        0xc ./Generated_Code/PwmLdd3.o
 .bss.Q4CLeft_swappedPins
                0x1fff834c        0x1 ./Generated_Code/Q4CLeft.o
 .bss.Q4CLeft_last_quadrature_value
                0x1fff834d        0x1 ./Generated_Code/Q4CLeft.o
 *fill*         0x1fff834e        0x2 
 .bss.Q4CLeft_currPos
                0x1fff8350        0x4 ./Generated_Code/Q4CLeft.o
 .bss.Q4CLeft_nofErrors
                0x1fff8354        0x2 ./Generated_Code/Q4CLeft.o
 .bss.Q4CRight_swappedPins
                0x1fff8356        0x1 ./Generated_Code/Q4CRight.o
 .bss.Q4CRight_last_quadrature_value
                0x1fff8357        0x1 ./Generated_Code/Q4CRight.o
 .bss.Q4CRight_currPos
                0x1fff8358        0x4 ./Generated_Code/Q4CRight.o
 .bss.Q4CRight_nofErrors
                0x1fff835c        0x2 ./Generated_Code/Q4CRight.o
 *fill*         0x1fff835e        0x2 
 .bss.Rx1_buffer
                0x1fff8360       0x80 ./Generated_Code/Rx1.o
 .bss.Rx1_inIdx
                0x1fff83e0        0x1 ./Generated_Code/Rx1.o
 .bss.Rx1_outIdx
                0x1fff83e1        0x1 ./Generated_Code/Rx1.o
 .bss.Rx1_inSize
                0x1fff83e2        0x1 ./Generated_Code/Rx1.o
 *fill*         0x1fff83e3        0x1 
 .bss._acUpBuffer
                0x1fff83e4      0x200 ./Generated_Code/SEGGER_RTT.o
 .bss._acDownBuffer
                0x1fff85e4       0x40 ./Generated_Code/SEGGER_RTT.o
 .bss.TMOUT1_Counters
                0x1fff8624        0xc ./Generated_Code/TMOUT1.o
 .bss.TMOUT1_FreeCounters
                0x1fff8630        0x4 ./Generated_Code/TMOUT1.o
 .bss.DeviceDataPrv__DEFAULT_RTOS_ALLOC
                0x1fff8634        0x8 ./Generated_Code/TU_QuadInt.o
 .bss.INT_PIT1__DEFAULT_RTOS_ISRPARAM
                0x1fff863c        0x4 ./Generated_Code/TU_QuadInt.o
 .bss.DeviceDataPrv__DEFAULT_RTOS_ALLOC
                0x1fff8640        0xc ./Generated_Code/TimerIntLdd2.o
 .bss.CntDay    0x1fff864c        0x1 ./Generated_Code/TmDt1.o
 .bss.CntMonth  0x1fff864d        0x1 ./Generated_Code/TmDt1.o
 .bss.CntYear   0x1fff864e        0x2 ./Generated_Code/TmDt1.o
 .bss.tickCntr  0x1fff8650        0x4 ./Generated_Code/TmDt1.o
 .bss.Tx1_inIdx
                0x1fff8654        0x2 ./Generated_Code/Tx1.o
 .bss.Tx1_outIdx
                0x1fff8656        0x2 ./Generated_Code/Tx1.o
 .bss.Tx1_inSize
                0x1fff8658        0x2 ./Generated_Code/Tx1.o
 *fill*         0x1fff865a        0x2 
 .bss.g_cdc_class_callback
                0x1fff865c        0x4 ./Generated_Code/usb_cdc.o
 .bss.g_vendor_req_callback
                0x1fff8660        0x4 ./Generated_Code/usb_cdc.o
 .bss.g_cdc_ep  0x1fff8664       0x9c ./Generated_Code/usb_cdc.o
 .bss.g_pstn_callback
                0x1fff8700        0x4 ./Generated_Code/usb_cdc_pstn.o
 .bss.g_dte_present
                0x1fff8704        0x1 ./Generated_Code/usb_cdc_pstn.o
 .bss.g_dte_status
                0x1fff8705        0x1 ./Generated_Code/usb_cdc_pstn.o
 .bss.g_break_duration
                0x1fff8706        0x2 ./Generated_Code/usb_cdc_pstn.o
 .bss.g_current_interface
                0x1fff8708        0x1 ./Generated_Code/usb_cdc_pstn.o
 *fill*         0x1fff8709        0x3 
 .bss.g_uart_bitmap
                0x1fff870c        0x4 ./Generated_Code/usb_cdc_pstn.o
 .bss.g_class_callback
                0x1fff8710        0x4 ./Generated_Code/usb_class.o
 .bss.g_device_state_before_suspend
                0x1fff8714        0x1 ./Generated_Code/usb_class.o
 *fill*         0x1fff8715        0x3 
 .bss.g_bdtmap  0x1fff8718        0x4 ./Generated_Code/usb_dci_kinetis.o
                0x1fff8718                g_bdtmap
 .bss.g_bdt_elem
                0x1fff871c      0x240 ./Generated_Code/usb_dci_kinetis.o
 .bss.g_dci_controller_Id
                0x1fff895c        0x1 ./Generated_Code/usb_dci_kinetis.o
 *fill*         0x1fff895d        0x3 
 .bss.g_bdt_address
                0x1fff8960        0x4 ./Generated_Code/usb_dci_kinetis.o
 .bss.g_abstract_state
                0x1fff8964        0x4 ./Generated_Code/usb_descriptor.o
 .bss.g_country_code
                0x1fff8968        0x4 ./Generated_Code/usb_descriptor.o
 .bss.g_alternate_interface
                0x1fff896c        0x4 ./Generated_Code/usb_descriptor.o
 .bss.g_usb_component_status
                0x1fff8970        0x8 ./Generated_Code/usb_driver.o
 .bss.g_usb_ep_status
                0x1fff8978        0x8 ./Generated_Code/usb_driver.o
 .bss.g_EPn     0x1fff8980        0x1 ./Generated_Code/usb_driver.o
 .bss.g_EPn_max
                0x1fff8981        0x1 ./Generated_Code/usb_driver.o
 *fill*         0x1fff8982        0x2 
 .bss.g_setup_pkt
                0x1fff8984        0x8 ./Generated_Code/usb_framework.o
 .bss.g_std_framework_data
                0x1fff898c        0x2 ./Generated_Code/usb_framework.o
 .bss.g_assigned_address
                0x1fff898e        0x1 ./Generated_Code/usb_framework.o
 *fill*         0x1fff898f        0x1 
 .bss.g_framework_callback
                0x1fff8990        0x4 ./Generated_Code/usb_framework.o
 .bss.g_other_req_callback
                0x1fff8994        0x4 ./Generated_Code/usb_framework.o
 .bss.ext_req_to_host
                0x1fff8998       0x28 ./Generated_Code/usb_framework.o
 *(COMMON)
 COMMON         0x1fff89c0       0xa8 ./Generated_Code/SEGGER_RTT.o
                0x1fff89c0                _SEGGER_RTT
 *fill*         0x1fff8a68      0x198 
 COMMON         0x1fff8c00      0x400 ./Generated_Code/usb_dci_kinetis.o
                0x1fff8c00                g_Mem
                0x1fff9000                . = ALIGN (0x4)
                0x1fff9000                __END_BSS = .
                0x1fff9000                PROVIDE (__bss_end__, __END_BSS)
                0x00005a00                _romp_at = ((___ROM_AT + SIZEOF (.data)) + SIZEOF (.m_data_20000000))

.romp           0x1fff9000       0x24 load address 0x00005a00
                0x00005a00                __S_romp = _romp_at
                0x1fff9000        0x4 LONG 0x58ac ___ROM_AT
                0x1fff9004        0x4 LONG 0x1fff8000 _sdata
                0x1fff9008        0x4 LONG 0x154 ___data_size
                0x1fff900c        0x4 LONG 0x5a00 ___m_data_20000000_ROMStart
                0x1fff9010        0x4 LONG 0x20000000 ___m_data_20000000_RAMStart
                0x1fff9014        0x4 LONG 0x0 ___m_data_20000000_ROMSize
                0x1fff9018        0x4 LONG 0x0
                0x1fff901c        0x4 LONG 0x0
                0x1fff9020        0x4 LONG 0x0
                0x00080000                text_end = (ORIGIN (m_text) + 0x7fbf0)
                0x00005a24                data_init_end = ((___m_data_20000000_ROMStart + SIZEOF (.m_data_20000000)) + SIZEOF (.romp))
                0x00000001                ASSERT ((data_init_end <= text_end), region m_text overflowed with text and data)

._user_heap_stack
                0x1fff9024      0x400 load address 0x00005a24
                0x1fff9024                . = ALIGN (0x4)
                0x1fff9024                PROVIDE (end, .)
                0x1fff9024                PROVIDE (_end, .)
                0x1fff9024                PROVIDE (__end__, .)
                0x1fff9024                __heap_addr = .
                0x1fff9024                __HeapBase = .
                0x1fff9024                . = (. + __heap_size)
                0x1fff9024                __HeapLimit = .
                0x1fff9424                . = (. + __stack_size)
 *fill*         0x1fff9024      0x400 
                0x1fff9424                . = ALIGN (0x4)

.ARM.attributes
                0x00000000       0x30
 *(.ARM.attributes)
 .ARM.attributes
                0x00000000       0x22 c:/freescale/kds_v3/toolchain/bin/../lib/gcc/arm-none-eabi/4.8.4/armv7e-m/fpu/crti.o
 .ARM.attributes
                0x00000022       0x34 c:/freescale/kds_v3/toolchain/bin/../lib/gcc/arm-none-eabi/4.8.4/armv7e-m/fpu/crtbegin.o
 .ARM.attributes
                0x00000056       0x20 c:/freescale/kds_v3/toolchain/bin/../lib/gcc/arm-none-eabi/4.8.4/../../../../arm-none-eabi/lib/armv7e-m/fpu/crt0.o
 .ARM.attributes
                0x00000076       0x39 ./Sources/TEAM_Common/Application.o
 .ARM.attributes
                0x000000af       0x39 ./Sources/TEAM_Common/Platform.o
 .ARM.attributes
                0x000000e8       0x39 ./Sources/Events.o
 .ARM.attributes
                0x00000121       0x39 ./Sources/main.o
 .ARM.attributes
                0x0000015a       0x39 ./Project_Settings/Startup_Code/startup.o
 .ARM.attributes
                0x00000193       0x39 ./Generated_Code/ADC_Bat.o
 .ARM.attributes
                0x000001cc       0x39 ./Generated_Code/BitIoLdd1.o
 .ARM.attributes
                0x00000205       0x39 ./Generated_Code/BitIoLdd10.o
 .ARM.attributes
                0x0000023e       0x39 ./Generated_Code/BitIoLdd11.o
 .ARM.attributes
                0x00000277       0x39 ./Generated_Code/BitIoLdd12.o
 .ARM.attributes
                0x000002b0       0x39 ./Generated_Code/BitIoLdd13.o
 .ARM.attributes
                0x000002e9       0x39 ./Generated_Code/BitIoLdd16.o
 .ARM.attributes
                0x00000322       0x39 ./Generated_Code/BitIoLdd17.o
 .ARM.attributes
                0x0000035b       0x39 ./Generated_Code/BitIoLdd18.o
 .ARM.attributes
                0x00000394       0x39 ./Generated_Code/BitIoLdd19.o
 .ARM.attributes
                0x000003cd       0x39 ./Generated_Code/BitIoLdd2.o
 .ARM.attributes
                0x00000406       0x39 ./Generated_Code/BitIoLdd3.o
 .ARM.attributes
                0x0000043f       0x39 ./Generated_Code/BitIoLdd4.o
 .ARM.attributes
                0x00000478       0x39 ./Generated_Code/BitIoLdd5.o
 .ARM.attributes
                0x000004b1       0x39 ./Generated_Code/BitIoLdd6.o
 .ARM.attributes
                0x000004ea       0x39 ./Generated_Code/BitIoLdd7.o
 .ARM.attributes
                0x00000523       0x39 ./Generated_Code/BitIoLdd8.o
 .ARM.attributes
                0x0000055c       0x39 ./Generated_Code/BitIoLdd9.o
 .ARM.attributes
                0x00000595       0x39 ./Generated_Code/CDC1.o
 .ARM.attributes
                0x000005ce       0x39 ./Generated_Code/CLS1.o
 .ARM.attributes
                0x00000607       0x39 ./Generated_Code/CS1.o
 .ARM.attributes
                0x00000640       0x39 ./Generated_Code/Cpu.o
 .ARM.attributes
                0x00000679       0x39 ./Generated_Code/HF1.o
 .ARM.attributes
                0x000006b2       0x39 ./Generated_Code/IFsh1.o
 .ARM.attributes
                0x000006eb       0x39 ./Generated_Code/IntFlashLdd1.o
 .ARM.attributes
                0x00000724       0x39 ./Generated_Code/KIN1.o
 .ARM.attributes
                0x0000075d       0x39 ./Generated_Code/LED_IR.o
 .ARM.attributes
                0x00000796       0x39 ./Generated_Code/MCUC1.o
 .ARM.attributes
                0x000007cf       0x39 ./Generated_Code/MOTTU.o
 .ARM.attributes
                0x00000808       0x39 ./Generated_Code/PE_LDD.o
 .ARM.attributes
                0x00000841       0x39 ./Generated_Code/PwmLdd2.o
 .ARM.attributes
                0x0000087a       0x39 ./Generated_Code/PwmLdd3.o
 .ARM.attributes
                0x000008b3       0x39 ./Generated_Code/Q4CLeft.o
 .ARM.attributes
                0x000008ec       0x39 ./Generated_Code/Q4CRight.o
 .ARM.attributes
                0x00000925       0x39 ./Generated_Code/QuadInt.o
 .ARM.attributes
                0x0000095e       0x39 ./Generated_Code/RTT1.o
 .ARM.attributes
                0x00000997       0x39 ./Generated_Code/Rx1.o
 .ARM.attributes
                0x000009d0       0x39 ./Generated_Code/SEGGER_RTT.o
 .ARM.attributes
                0x00000a09       0x39 ./Generated_Code/TMOUT1.o
 .ARM.attributes
                0x00000a42       0x39 ./Generated_Code/TU_QuadInt.o
 .ARM.attributes
                0x00000a7b       0x39 ./Generated_Code/TimerIntLdd2.o
 .ARM.attributes
                0x00000ab4       0x39 ./Generated_Code/TmDt1.o
 .ARM.attributes
                0x00000aed       0x39 ./Generated_Code/Tx1.o
 .ARM.attributes
                0x00000b26       0x39 ./Generated_Code/USB0.o
 .ARM.attributes
                0x00000b5f       0x39 ./Generated_Code/USB1.o
 .ARM.attributes
                0x00000b98       0x39 ./Generated_Code/Vectors.o
 .ARM.attributes
                0x00000bd1       0x39 ./Generated_Code/WAIT1.o
 .ARM.attributes
                0x00000c0a       0x39 ./Generated_Code/XF1.o
 .ARM.attributes
                0x00000c43       0x39 ./Generated_Code/usb_cdc.o
 .ARM.attributes
                0x00000c7c       0x39 ./Generated_Code/usb_cdc_pstn.o
 .ARM.attributes
                0x00000cb5       0x39 ./Generated_Code/usb_class.o
 .ARM.attributes
                0x00000cee       0x39 ./Generated_Code/usb_dci_kinetis.o
 .ARM.attributes
                0x00000d27       0x39 ./Generated_Code/usb_descriptor.o
 .ARM.attributes
                0x00000d60       0x39 ./Generated_Code/usb_driver.o
 .ARM.attributes
                0x00000d99       0x39 ./Generated_Code/usb_framework.o
 .ARM.attributes
                0x00000dd2       0x39 ./Generated_Code/wdt_kinetis.o
 .ARM.attributes
                0x00000e0b       0x34 c:/freescale/kds_v3/toolchain/bin/../lib/gcc/arm-none-eabi/4.8.4/../../../../arm-none-eabi/lib/armv7e-m/fpu\libg_s.a(lib_a-exit.o)
 .ARM.attributes
                0x00000e3f       0x34 c:/freescale/kds_v3/toolchain/bin/../lib/gcc/arm-none-eabi/4.8.4/../../../../arm-none-eabi/lib/armv7e-m/fpu\libg_s.a(lib_a-impure.o)
 .ARM.attributes
                0x00000e73       0x34 c:/freescale/kds_v3/toolchain/bin/../lib/gcc/arm-none-eabi/4.8.4/../../../../arm-none-eabi/lib/armv7e-m/fpu\libg_s.a(lib_a-init.o)
 .ARM.attributes
                0x00000ea7       0x34 c:/freescale/kds_v3/toolchain/bin/../lib/gcc/arm-none-eabi/4.8.4/../../../../arm-none-eabi/lib/armv7e-m/fpu\libg_s.a(lib_a-memcpy-stub.o)
 .ARM.attributes
                0x00000edb       0x34 c:/freescale/kds_v3/toolchain/bin/../lib/gcc/arm-none-eabi/4.8.4/../../../../arm-none-eabi/lib/armv7e-m/fpu\libg_s.a(lib_a-memset.o)
 .ARM.attributes
                0x00000f0f       0x34 c:/freescale/kds_v3/toolchain/bin/../lib/gcc/arm-none-eabi/4.8.4/../../../../arm-none-eabi/lib/armv7e-m/fpu\libnosys.a(_exit.o)
 .ARM.attributes
                0x00000f43       0x22 c:/freescale/kds_v3/toolchain/bin/../lib/gcc/arm-none-eabi/4.8.4/armv7e-m/fpu/crtn.o
OUTPUT(TEAM_Robot.elf elf32-littlearm)

.debug_info     0x00000000    0x1282e
 .debug_info    0x00000000      0x10c ./Sources/TEAM_Common/Application.o
 .debug_info    0x0000010c       0xa3 ./Sources/TEAM_Common/Platform.o
 .debug_info    0x000001af      0x17b ./Sources/Events.o
 .debug_info    0x0000032a      0x16e ./Sources/main.o
 .debug_info    0x00000498      0x3b0 ./Project_Settings/Startup_Code/startup.o
 .debug_info    0x00000848      0x65d ./Generated_Code/ADC_Bat.o
 .debug_info    0x00000ea5      0x334 ./Generated_Code/BitIoLdd1.o
 .debug_info    0x000011d9      0x38f ./Generated_Code/BitIoLdd10.o
 .debug_info    0x00001568      0x38f ./Generated_Code/BitIoLdd11.o
 .debug_info    0x000018f7      0x30e ./Generated_Code/BitIoLdd12.o
 .debug_info    0x00001c05      0x30e ./Generated_Code/BitIoLdd13.o
 .debug_info    0x00001f13      0x294 ./Generated_Code/BitIoLdd16.o
 .debug_info    0x000021a7      0x294 ./Generated_Code/BitIoLdd17.o
 .debug_info    0x0000243b      0x294 ./Generated_Code/BitIoLdd18.o
 .debug_info    0x000026cf      0x294 ./Generated_Code/BitIoLdd19.o
 .debug_info    0x00002963      0x334 ./Generated_Code/BitIoLdd2.o
 .debug_info    0x00002c97      0x294 ./Generated_Code/BitIoLdd3.o
 .debug_info    0x00002f2b      0x334 ./Generated_Code/BitIoLdd4.o
 .debug_info    0x0000325f      0x300 ./Generated_Code/BitIoLdd5.o
 .debug_info    0x0000355f      0x38f ./Generated_Code/BitIoLdd6.o
 .debug_info    0x000038ee      0x38f ./Generated_Code/BitIoLdd7.o
 .debug_info    0x00003c7d      0x38f ./Generated_Code/BitIoLdd8.o
 .debug_info    0x0000400c      0x38f ./Generated_Code/BitIoLdd9.o
 .debug_info    0x0000439b      0x655 ./Generated_Code/CDC1.o
 .debug_info    0x000049f0      0xb7a ./Generated_Code/CLS1.o
 .debug_info    0x0000556a       0xa7 ./Generated_Code/CS1.o
 .debug_info    0x00005611     0x1238 ./Generated_Code/Cpu.o
 .debug_info    0x00006849      0x37b ./Generated_Code/HF1.o
 .debug_info    0x00006bc4      0x565 ./Generated_Code/IFsh1.o
 .debug_info    0x00007129      0xbd6 ./Generated_Code/IntFlashLdd1.o
 .debug_info    0x00007cff      0x7b1 ./Generated_Code/KIN1.o
 .debug_info    0x000084b0      0x26d ./Generated_Code/LED_IR.o
 .debug_info    0x0000871d       0xa7 ./Generated_Code/MCUC1.o
 .debug_info    0x000087c4      0x7ff ./Generated_Code/MOTTU.o
 .debug_info    0x00008fc3      0x30f ./Generated_Code/PE_LDD.o
 .debug_info    0x000092d2      0x452 ./Generated_Code/PwmLdd2.o
 .debug_info    0x00009724      0x452 ./Generated_Code/PwmLdd3.o
 .debug_info    0x00009b76      0x36d ./Generated_Code/Q4CLeft.o
 .debug_info    0x00009ee3      0x36d ./Generated_Code/Q4CRight.o
 .debug_info    0x0000a250      0x18a ./Generated_Code/QuadInt.o
 .debug_info    0x0000a3da      0x2b6 ./Generated_Code/RTT1.o
 .debug_info    0x0000a690      0x3f6 ./Generated_Code/Rx1.o
 .debug_info    0x0000aa86      0xf19 ./Generated_Code/SEGGER_RTT.o
 .debug_info    0x0000b99f      0x2bb ./Generated_Code/TMOUT1.o
 .debug_info    0x0000bc5a      0x53f ./Generated_Code/TU_QuadInt.o
 .debug_info    0x0000c199      0x178 ./Generated_Code/TimerIntLdd2.o
 .debug_info    0x0000c311      0xfb4 ./Generated_Code/TmDt1.o
 .debug_info    0x0000d2c5      0x40c ./Generated_Code/Tx1.o
 .debug_info    0x0000d6d1      0x60f ./Generated_Code/USB0.o
 .debug_info    0x0000dce0      0x25e ./Generated_Code/USB1.o
 .debug_info    0x0000df3e      0x1e3 ./Generated_Code/Vectors.o
 .debug_info    0x0000e121      0x170 ./Generated_Code/WAIT1.o
 .debug_info    0x0000e291      0x802 ./Generated_Code/XF1.o
 .debug_info    0x0000ea93      0x794 ./Generated_Code/usb_cdc.o
 .debug_info    0x0000f227      0x529 ./Generated_Code/usb_cdc_pstn.o
 .debug_info    0x0000f750      0x4d0 ./Generated_Code/usb_class.o
 .debug_info    0x0000fc20     0x138d ./Generated_Code/usb_dci_kinetis.o
 .debug_info    0x00010fad      0x826 ./Generated_Code/usb_descriptor.o
 .debug_info    0x000117d3      0x54c ./Generated_Code/usb_driver.o
 .debug_info    0x00011d1f      0x9a2 ./Generated_Code/usb_framework.o
 .debug_info    0x000126c1      0x16d ./Generated_Code/wdt_kinetis.o

.debug_abbrev   0x00000000     0x5117
 .debug_abbrev  0x00000000       0xa7 ./Sources/TEAM_Common/Application.o
 .debug_abbrev  0x000000a7       0x43 ./Sources/TEAM_Common/Platform.o
 .debug_abbrev  0x000000ea       0x93 ./Sources/Events.o
 .debug_abbrev  0x0000017d       0x95 ./Sources/main.o
 .debug_abbrev  0x00000212      0x19f ./Project_Settings/Startup_Code/startup.o
 .debug_abbrev  0x000003b1      0x182 ./Generated_Code/ADC_Bat.o
 .debug_abbrev  0x00000533      0x15f ./Generated_Code/BitIoLdd1.o
 .debug_abbrev  0x00000692      0x16e ./Generated_Code/BitIoLdd10.o
 .debug_abbrev  0x00000800      0x16e ./Generated_Code/BitIoLdd11.o
 .debug_abbrev  0x0000096e      0x136 ./Generated_Code/BitIoLdd12.o
 .debug_abbrev  0x00000aa4      0x136 ./Generated_Code/BitIoLdd13.o
 .debug_abbrev  0x00000bda      0x10d ./Generated_Code/BitIoLdd16.o
 .debug_abbrev  0x00000ce7      0x10d ./Generated_Code/BitIoLdd17.o
 .debug_abbrev  0x00000df4      0x10d ./Generated_Code/BitIoLdd18.o
 .debug_abbrev  0x00000f01      0x10d ./Generated_Code/BitIoLdd19.o
 .debug_abbrev  0x0000100e      0x15f ./Generated_Code/BitIoLdd2.o
 .debug_abbrev  0x0000116d      0x10d ./Generated_Code/BitIoLdd3.o
 .debug_abbrev  0x0000127a      0x15f ./Generated_Code/BitIoLdd4.o
 .debug_abbrev  0x000013d9      0x127 ./Generated_Code/BitIoLdd5.o
 .debug_abbrev  0x00001500      0x16e ./Generated_Code/BitIoLdd6.o
 .debug_abbrev  0x0000166e      0x16e ./Generated_Code/BitIoLdd7.o
 .debug_abbrev  0x000017dc      0x16e ./Generated_Code/BitIoLdd8.o
 .debug_abbrev  0x0000194a      0x16e ./Generated_Code/BitIoLdd9.o
 .debug_abbrev  0x00001ab8      0x1e9 ./Generated_Code/CDC1.o
 .debug_abbrev  0x00001ca1      0x20e ./Generated_Code/CLS1.o
 .debug_abbrev  0x00001eaf       0x45 ./Generated_Code/CS1.o
 .debug_abbrev  0x00001ef4      0x1b0 ./Generated_Code/Cpu.o
 .debug_abbrev  0x000020a4       0xfe ./Generated_Code/HF1.o
 .debug_abbrev  0x000021a2      0x1c4 ./Generated_Code/IFsh1.o
 .debug_abbrev  0x00002366      0x24a ./Generated_Code/IntFlashLdd1.o
 .debug_abbrev  0x000025b0      0x1fa ./Generated_Code/KIN1.o
 .debug_abbrev  0x000027aa      0x156 ./Generated_Code/LED_IR.o
 .debug_abbrev  0x00002900       0x45 ./Generated_Code/MCUC1.o
 .debug_abbrev  0x00002945      0x1c1 ./Generated_Code/MOTTU.o
 .debug_abbrev  0x00002b06      0x11c ./Generated_Code/PE_LDD.o
 .debug_abbrev  0x00002c22      0x186 ./Generated_Code/PwmLdd2.o
 .debug_abbrev  0x00002da8      0x186 ./Generated_Code/PwmLdd3.o
 .debug_abbrev  0x00002f2e      0x1cd ./Generated_Code/Q4CLeft.o
 .debug_abbrev  0x000030fb      0x1cd ./Generated_Code/Q4CRight.o
 .debug_abbrev  0x000032c8       0xb8 ./Generated_Code/QuadInt.o
 .debug_abbrev  0x00003380      0x169 ./Generated_Code/RTT1.o
 .debug_abbrev  0x000034e9      0x189 ./Generated_Code/Rx1.o
 .debug_abbrev  0x00003672      0x1d6 ./Generated_Code/SEGGER_RTT.o
 .debug_abbrev  0x00003848       0xf8 ./Generated_Code/TMOUT1.o
 .debug_abbrev  0x00003940      0x15b ./Generated_Code/TU_QuadInt.o
 .debug_abbrev  0x00003a9b       0xdd ./Generated_Code/TimerIntLdd2.o
 .debug_abbrev  0x00003b78      0x1fe ./Generated_Code/TmDt1.o
 .debug_abbrev  0x00003d76      0x189 ./Generated_Code/Tx1.o
 .debug_abbrev  0x00003eff       0xe9 ./Generated_Code/USB0.o
 .debug_abbrev  0x00003fe8      0x11c ./Generated_Code/USB1.o
 .debug_abbrev  0x00004104       0xcf ./Generated_Code/Vectors.o
 .debug_abbrev  0x000041d3       0xb1 ./Generated_Code/WAIT1.o
 .debug_abbrev  0x00004284      0x1ff ./Generated_Code/XF1.o
 .debug_abbrev  0x00004483      0x1ae ./Generated_Code/usb_cdc.o
 .debug_abbrev  0x00004631      0x181 ./Generated_Code/usb_cdc_pstn.o
 .debug_abbrev  0x000047b2      0x170 ./Generated_Code/usb_class.o
 .debug_abbrev  0x00004922      0x2a7 ./Generated_Code/usb_dci_kinetis.o
 .debug_abbrev  0x00004bc9      0x120 ./Generated_Code/usb_descriptor.o
 .debug_abbrev  0x00004ce9      0x192 ./Generated_Code/usb_driver.o
 .debug_abbrev  0x00004e7b      0x20f ./Generated_Code/usb_framework.o
 .debug_abbrev  0x0000508a       0x8d ./Generated_Code/wdt_kinetis.o

.debug_aranges  0x00000000     0x17f0
 .debug_aranges
                0x00000000       0x28 ./Sources/TEAM_Common/Application.o
 .debug_aranges
                0x00000028       0x28 ./Sources/TEAM_Common/Platform.o
 .debug_aranges
                0x00000050       0x28 ./Sources/Events.o
 .debug_aranges
                0x00000078       0x20 ./Sources/main.o
 .debug_aranges
                0x00000098       0x50 ./Project_Settings/Startup_Code/startup.o
 .debug_aranges
                0x000000e8       0x40 ./Generated_Code/ADC_Bat.o
 .debug_aranges
                0x00000128       0x48 ./Generated_Code/BitIoLdd1.o
 .debug_aranges
                0x00000170       0x58 ./Generated_Code/BitIoLdd10.o
 .debug_aranges
                0x000001c8       0x58 ./Generated_Code/BitIoLdd11.o
 .debug_aranges
                0x00000220       0x40 ./Generated_Code/BitIoLdd12.o
 .debug_aranges
                0x00000260       0x40 ./Generated_Code/BitIoLdd13.o
 .debug_aranges
                0x000002a0       0x28 ./Generated_Code/BitIoLdd16.o
 .debug_aranges
                0x000002c8       0x28 ./Generated_Code/BitIoLdd17.o
 .debug_aranges
                0x000002f0       0x28 ./Generated_Code/BitIoLdd18.o
 .debug_aranges
                0x00000318       0x28 ./Generated_Code/BitIoLdd19.o
 .debug_aranges
                0x00000340       0x48 ./Generated_Code/BitIoLdd2.o
 .debug_aranges
                0x00000388       0x28 ./Generated_Code/BitIoLdd3.o
 .debug_aranges
                0x000003b0       0x48 ./Generated_Code/BitIoLdd4.o
 .debug_aranges
                0x000003f8       0x40 ./Generated_Code/BitIoLdd5.o
 .debug_aranges
                0x00000438       0x58 ./Generated_Code/BitIoLdd6.o
 .debug_aranges
                0x00000490       0x58 ./Generated_Code/BitIoLdd7.o
 .debug_aranges
                0x000004e8       0x58 ./Generated_Code/BitIoLdd8.o
 .debug_aranges
                0x00000540       0x58 ./Generated_Code/BitIoLdd9.o
 .debug_aranges
                0x00000598       0xb0 ./Generated_Code/CDC1.o
 .debug_aranges
                0x00000648      0x130 ./Generated_Code/CLS1.o
 .debug_aranges
                0x00000778       0x28 ./Generated_Code/CS1.o
 .debug_aranges
                0x000007a0      0x328 ./Generated_Code/Cpu.o
 .debug_aranges
                0x00000ac8       0x38 ./Generated_Code/HF1.o
 .debug_aranges
                0x00000b00       0x68 ./Generated_Code/IFsh1.o
 .debug_aranges
                0x00000b68       0x68 ./Generated_Code/IntFlashLdd1.o
 .debug_aranges
                0x00000bd0       0x78 ./Generated_Code/KIN1.o
 .debug_aranges
                0x00000c48       0x48 ./Generated_Code/LED_IR.o
 .debug_aranges
                0x00000c90       0x28 ./Generated_Code/MCUC1.o
 .debug_aranges
                0x00000cb8       0x68 ./Generated_Code/MOTTU.o
 .debug_aranges
                0x00000d20       0x30 ./Generated_Code/PE_LDD.o
 .debug_aranges
                0x00000d50       0x48 ./Generated_Code/PwmLdd2.o
 .debug_aranges
                0x00000d98       0x48 ./Generated_Code/PwmLdd3.o
 .debug_aranges
                0x00000de0       0x60 ./Generated_Code/Q4CLeft.o
 .debug_aranges
                0x00000e40       0x60 ./Generated_Code/Q4CRight.o
 .debug_aranges
                0x00000ea0       0x20 ./Generated_Code/QuadInt.o
 .debug_aranges
                0x00000ec0       0x58 ./Generated_Code/RTT1.o
 .debug_aranges
                0x00000f18       0x78 ./Generated_Code/Rx1.o
 .debug_aranges
                0x00000f90      0x118 ./Generated_Code/SEGGER_RTT.o
 .debug_aranges
                0x000010a8       0x50 ./Generated_Code/TMOUT1.o
 .debug_aranges
                0x000010f8       0x28 ./Generated_Code/TU_QuadInt.o
 .debug_aranges
                0x00001120       0x28 ./Generated_Code/TimerIntLdd2.o
 .debug_aranges
                0x00001148      0x138 ./Generated_Code/TmDt1.o
 .debug_aranges
                0x00001280       0x78 ./Generated_Code/Tx1.o
 .debug_aranges
                0x000012f8       0x20 ./Generated_Code/USB0.o
 .debug_aranges
                0x00001318       0x38 ./Generated_Code/USB1.o
 .debug_aranges
                0x00001350       0x18 ./Generated_Code/Vectors.o
 .debug_aranges
                0x00001368       0x50 ./Generated_Code/WAIT1.o
 .debug_aranges
                0x000013b8       0x90 ./Generated_Code/XF1.o
 .debug_aranges
                0x00001448       0x58 ./Generated_Code/usb_cdc.o
 .debug_aranges
                0x000014a0       0x58 ./Generated_Code/usb_cdc_pstn.o
 .debug_aranges
                0x000014f8       0x70 ./Generated_Code/usb_class.o
 .debug_aranges
                0x00001568       0xc8 ./Generated_Code/usb_dci_kinetis.o
 .debug_aranges
                0x00001630       0x80 ./Generated_Code/usb_descriptor.o
 .debug_aranges
                0x000016b0       0x70 ./Generated_Code/usb_driver.o
 .debug_aranges
                0x00001720       0xb0 ./Generated_Code/usb_framework.o
 .debug_aranges
                0x000017d0       0x20 ./Generated_Code/wdt_kinetis.o

.debug_ranges   0x00000000     0x1418
 .debug_ranges  0x00000000       0x18 ./Sources/TEAM_Common/Application.o
 .debug_ranges  0x00000018       0x18 ./Sources/TEAM_Common/Platform.o
 .debug_ranges  0x00000030       0x18 ./Sources/Events.o
 .debug_ranges  0x00000048       0x10 ./Sources/main.o
 .debug_ranges  0x00000058       0x40 ./Project_Settings/Startup_Code/startup.o
 .debug_ranges  0x00000098       0x30 ./Generated_Code/ADC_Bat.o
 .debug_ranges  0x000000c8       0x38 ./Generated_Code/BitIoLdd1.o
 .debug_ranges  0x00000100       0x48 ./Generated_Code/BitIoLdd10.o
 .debug_ranges  0x00000148       0x48 ./Generated_Code/BitIoLdd11.o
 .debug_ranges  0x00000190       0x30 ./Generated_Code/BitIoLdd12.o
 .debug_ranges  0x000001c0       0x30 ./Generated_Code/BitIoLdd13.o
 .debug_ranges  0x000001f0       0x18 ./Generated_Code/BitIoLdd16.o
 .debug_ranges  0x00000208       0x18 ./Generated_Code/BitIoLdd17.o
 .debug_ranges  0x00000220       0x18 ./Generated_Code/BitIoLdd18.o
 .debug_ranges  0x00000238       0x18 ./Generated_Code/BitIoLdd19.o
 .debug_ranges  0x00000250       0x38 ./Generated_Code/BitIoLdd2.o
 .debug_ranges  0x00000288       0x18 ./Generated_Code/BitIoLdd3.o
 .debug_ranges  0x000002a0       0x38 ./Generated_Code/BitIoLdd4.o
 .debug_ranges  0x000002d8       0x30 ./Generated_Code/BitIoLdd5.o
 .debug_ranges  0x00000308       0x48 ./Generated_Code/BitIoLdd6.o
 .debug_ranges  0x00000350       0x48 ./Generated_Code/BitIoLdd7.o
 .debug_ranges  0x00000398       0x48 ./Generated_Code/BitIoLdd8.o
 .debug_ranges  0x000003e0       0x48 ./Generated_Code/BitIoLdd9.o
 .debug_ranges  0x00000428       0xa0 ./Generated_Code/CDC1.o
 .debug_ranges  0x000004c8      0x120 ./Generated_Code/CLS1.o
 .debug_ranges  0x000005e8       0x18 ./Generated_Code/CS1.o
 .debug_ranges  0x00000600      0x318 ./Generated_Code/Cpu.o
 .debug_ranges  0x00000918       0x28 ./Generated_Code/HF1.o
 .debug_ranges  0x00000940       0x58 ./Generated_Code/IFsh1.o
 .debug_ranges  0x00000998       0x58 ./Generated_Code/IntFlashLdd1.o
 .debug_ranges  0x000009f0       0x68 ./Generated_Code/KIN1.o
 .debug_ranges  0x00000a58       0x38 ./Generated_Code/LED_IR.o
 .debug_ranges  0x00000a90       0x18 ./Generated_Code/MCUC1.o
 .debug_ranges  0x00000aa8       0x58 ./Generated_Code/MOTTU.o
 .debug_ranges  0x00000b00       0x20 ./Generated_Code/PE_LDD.o
 .debug_ranges  0x00000b20       0x38 ./Generated_Code/PwmLdd2.o
 .debug_ranges  0x00000b58       0x38 ./Generated_Code/PwmLdd3.o
 .debug_ranges  0x00000b90       0x50 ./Generated_Code/Q4CLeft.o
 .debug_ranges  0x00000be0       0x50 ./Generated_Code/Q4CRight.o
 .debug_ranges  0x00000c30       0x10 ./Generated_Code/QuadInt.o
 .debug_ranges  0x00000c40       0x48 ./Generated_Code/RTT1.o
 .debug_ranges  0x00000c88       0x68 ./Generated_Code/Rx1.o
 .debug_ranges  0x00000cf0      0x108 ./Generated_Code/SEGGER_RTT.o
 .debug_ranges  0x00000df8       0x40 ./Generated_Code/TMOUT1.o
 .debug_ranges  0x00000e38       0x18 ./Generated_Code/TU_QuadInt.o
 .debug_ranges  0x00000e50       0x18 ./Generated_Code/TimerIntLdd2.o
 .debug_ranges  0x00000e68      0x128 ./Generated_Code/TmDt1.o
 .debug_ranges  0x00000f90       0x68 ./Generated_Code/Tx1.o
 .debug_ranges  0x00000ff8       0x10 ./Generated_Code/USB0.o
 .debug_ranges  0x00001008       0x28 ./Generated_Code/USB1.o
 .debug_ranges  0x00001030       0x40 ./Generated_Code/WAIT1.o
 .debug_ranges  0x00001070       0x80 ./Generated_Code/XF1.o
 .debug_ranges  0x000010f0       0x48 ./Generated_Code/usb_cdc.o
 .debug_ranges  0x00001138       0x48 ./Generated_Code/usb_cdc_pstn.o
 .debug_ranges  0x00001180       0x60 ./Generated_Code/usb_class.o
 .debug_ranges  0x000011e0       0xb8 ./Generated_Code/usb_dci_kinetis.o
 .debug_ranges  0x00001298       0x70 ./Generated_Code/usb_descriptor.o
 .debug_ranges  0x00001308       0x60 ./Generated_Code/usb_driver.o
 .debug_ranges  0x00001368       0xa0 ./Generated_Code/usb_framework.o
 .debug_ranges  0x00001408       0x10 ./Generated_Code/wdt_kinetis.o

.debug_macro    0x00000000    0x2c01b
 .debug_macro   0x00000000      0x257 ./Sources/TEAM_Common/Application.o
 .debug_macro   0x00000257      0x850 ./Sources/TEAM_Common/Application.o
 .debug_macro   0x00000aa7       0x16 ./Sources/TEAM_Common/Application.o
 .debug_macro   0x00000abd       0x44 ./Sources/TEAM_Common/Application.o
 .debug_macro   0x00000b01      0x209 ./Sources/TEAM_Common/Application.o
 .debug_macro   0x00000d0a     0x1801 ./Sources/TEAM_Common/Application.o
 .debug_macro   0x0000250b      0x14e ./Sources/TEAM_Common/Application.o
 .debug_macro   0x00002659       0x6a ./Sources/TEAM_Common/Application.o
 .debug_macro   0x000026c3     0xde57 ./Sources/TEAM_Common/Application.o
 .debug_macro   0x0001051a       0xa6 ./Sources/TEAM_Common/Application.o
 .debug_macro   0x000105c0      0x12a ./Sources/TEAM_Common/Application.o
 .debug_macro   0x000106ea      0x14e ./Sources/TEAM_Common/Application.o
 .debug_macro   0x00010838       0x82 ./Sources/TEAM_Common/Application.o
 .debug_macro   0x000108ba       0x16 ./Sources/TEAM_Common/Application.o
 .debug_macro   0x000108d0       0x37 ./Sources/TEAM_Common/Application.o
 .debug_macro   0x00010907       0x1c ./Sources/TEAM_Common/Application.o
 .debug_macro   0x00010923       0x29 ./Sources/TEAM_Common/Application.o
 .debug_macro   0x0001094c       0x40 ./Sources/TEAM_Common/Application.o
 .debug_macro   0x0001098c       0x41 ./Sources/TEAM_Common/Application.o
 .debug_macro   0x000109cd       0x58 ./Sources/TEAM_Common/Application.o
 .debug_macro   0x00010a25       0x35 ./Sources/TEAM_Common/Application.o
 .debug_macro   0x00010a5a       0xa3 ./Sources/TEAM_Common/Application.o
 .debug_macro   0x00010afd      0x166 ./Sources/TEAM_Common/Application.o
 .debug_macro   0x00010c63       0x52 ./Sources/TEAM_Common/Application.o
 .debug_macro   0x00010cb5       0x16 ./Sources/TEAM_Common/Application.o
 .debug_macro   0x00010ccb       0x43 ./Sources/TEAM_Common/Application.o
 .debug_macro   0x00010d0e      0x180 ./Sources/TEAM_Common/Application.o
 .debug_macro   0x00010e8e      0x2a6 ./Sources/TEAM_Common/Application.o
 .debug_macro   0x00011134       0x10 ./Sources/TEAM_Common/Application.o
 .debug_macro   0x00011144       0x35 ./Sources/TEAM_Common/Application.o
 .debug_macro   0x00011179       0x19 ./Sources/TEAM_Common/Application.o
 .debug_macro   0x00011192       0x22 ./Sources/TEAM_Common/Application.o
 .debug_macro   0x000111b4       0x58 ./Sources/TEAM_Common/Application.o
 .debug_macro   0x0001120c       0x66 ./Sources/TEAM_Common/Application.o
 .debug_macro   0x00011272       0x10 ./Sources/TEAM_Common/Application.o
 .debug_macro   0x00011282       0x51 ./Sources/TEAM_Common/Application.o
 .debug_macro   0x000112d3       0xa1 ./Sources/TEAM_Common/Platform.o
 .debug_macro   0x00011374      0x66d ./Sources/Events.o
 .debug_macro   0x000119e1       0x94 ./Sources/Events.o
 .debug_macro   0x00011a75      0x12c ./Sources/Events.o
 .debug_macro   0x00011ba1       0x46 ./Sources/Events.o
 .debug_macro   0x00011be7       0x26 ./Sources/Events.o
 .debug_macro   0x00011c0d       0x4c ./Sources/Events.o
 .debug_macro   0x00011c59       0x26 ./Sources/Events.o
 .debug_macro   0x00011c7f       0x34 ./Sources/Events.o
 .debug_macro   0x00011cb3       0x10 ./Sources/Events.o
 .debug_macro   0x00011cc3       0x82 ./Sources/Events.o
 .debug_macro   0x00011d45      0x115 ./Sources/Events.o
 .debug_macro   0x00011e5a       0x5d ./Sources/Events.o
 .debug_macro   0x00011eb7       0x46 ./Sources/Events.o
 .debug_macro   0x00011efd       0x1f ./Sources/Events.o
 .debug_macro   0x00011f1c       0x42 ./Sources/Events.o
 .debug_macro   0x00011f5e      0x6a6 ./Sources/Events.o
 .debug_macro   0x00012604       0x58 ./Sources/Events.o
 .debug_macro   0x0001265c       0x58 ./Sources/Events.o
 .debug_macro   0x000126b4       0x33 ./Sources/Events.o
 .debug_macro   0x000126e7       0x58 ./Sources/Events.o
 .debug_macro   0x0001273f       0x33 ./Sources/Events.o
 .debug_macro   0x00012772       0x58 ./Sources/Events.o
 .debug_macro   0x000127ca       0x33 ./Sources/Events.o
 .debug_macro   0x000127fd       0x58 ./Sources/Events.o
 .debug_macro   0x00012855       0x33 ./Sources/Events.o
 .debug_macro   0x00012888       0x58 ./Sources/Events.o
 .debug_macro   0x000128e0       0x33 ./Sources/Events.o
 .debug_macro   0x00012913       0x58 ./Sources/Events.o
 .debug_macro   0x0001296b       0x33 ./Sources/Events.o
 .debug_macro   0x0001299e       0x34 ./Sources/Events.o
 .debug_macro   0x000129d2       0x34 ./Sources/Events.o
 .debug_macro   0x00012a06       0x34 ./Sources/Events.o
 .debug_macro   0x00012a3a       0x34 ./Sources/Events.o
 .debug_macro   0x00012a6e       0x34 ./Sources/Events.o
 .debug_macro   0x00012aa2       0x34 ./Sources/Events.o
 .debug_macro   0x00012ad6       0xa5 ./Sources/Events.o
 .debug_macro   0x00012b7b       0x46 ./Sources/Events.o
 .debug_macro   0x00012bc1       0x1f ./Sources/Events.o
 .debug_macro   0x00012be0       0x3f ./Sources/Events.o
 .debug_macro   0x00012c1f       0x24 ./Sources/Events.o
 .debug_macro   0x00012c43       0x46 ./Sources/Events.o
 .debug_macro   0x00012c89       0x1f ./Sources/Events.o
 .debug_macro   0x00012ca8       0x45 ./Sources/Events.o
 .debug_macro   0x00012ced       0x24 ./Sources/Events.o
 .debug_macro   0x00012d11       0xbb ./Sources/Events.o
 .debug_macro   0x00012dcc       0x4a ./Sources/Events.o
 .debug_macro   0x00012e16       0x1c ./Sources/Events.o
 .debug_macro   0x00012e32       0x1c ./Sources/Events.o
 .debug_macro   0x00012e4e       0x16 ./Sources/Events.o